Component: ARM Compiler 5.06 update 6 (build 750) Tool: armlink [4d35ed]

==============================================================================

Section Cross References

    startup_stm32f103xb.o(STACK) refers (Special) to heapauxi.o(.text) for __use_two_region_memory
    startup_stm32f103xb.o(HEAP) refers (Special) to heapauxi.o(.text) for __use_two_region_memory
    startup_stm32f103xb.o(RESET) refers (Special) to heapauxi.o(.text) for __use_two_region_memory
    startup_stm32f103xb.o(RESET) refers to startup_stm32f103xb.o(STACK) for __initial_sp
    startup_stm32f103xb.o(RESET) refers to startup_stm32f103xb.o(.text) for Reset_Handler
    startup_stm32f103xb.o(RESET) refers to stm32f1xx_it.o(i.NMI_Handler) for NMI_Handler
    startup_stm32f103xb.o(RESET) refers to stm32f1xx_it.o(i.HardFault_Handler) for HardFault_Handler
    startup_stm32f103xb.o(RESET) refers to stm32f1xx_it.o(i.MemManage_Handler) for MemManage_Handler
    startup_stm32f103xb.o(RESET) refers to stm32f1xx_it.o(i.BusFault_Handler) for BusFault_Handler
    startup_stm32f103xb.o(RESET) refers to stm32f1xx_it.o(i.UsageFault_Handler) for UsageFault_Handler
    startup_stm32f103xb.o(RESET) refers to stm32f1xx_it.o(i.SVC_Handler) for SVC_Handler
    startup_stm32f103xb.o(RESET) refers to stm32f1xx_it.o(i.DebugMon_Handler) for DebugMon_Handler
    startup_stm32f103xb.o(RESET) refers to stm32f1xx_it.o(i.PendSV_Handler) for PendSV_Handler
    startup_stm32f103xb.o(RESET) refers to stm32f1xx_it.o(i.SysTick_Handler) for SysTick_Handler
    startup_stm32f103xb.o(RESET) refers to stm32f1xx_it.o(i.EXTI2_IRQHandler) for EXTI2_IRQHandler
    startup_stm32f103xb.o(RESET) refers to stm32f1xx_it.o(i.DMA1_Channel1_IRQHandler) for DMA1_Channel1_IRQHandler
    startup_stm32f103xb.o(RESET) refers to stm32f1xx_it.o(i.EXTI9_5_IRQHandler) for EXTI9_5_IRQHandler
    startup_stm32f103xb.o(RESET) refers to stm32f1xx_it.o(i.USART1_IRQHandler) for USART1_IRQHandler
    startup_stm32f103xb.o(.text) refers (Special) to heapauxi.o(.text) for __use_two_region_memory
    startup_stm32f103xb.o(.text) refers to system_stm32f1xx.o(i.SystemInit) for SystemInit
    startup_stm32f103xb.o(.text) refers to __main.o(!!!main) for __main
    startup_stm32f103xb.o(.text) refers to startup_stm32f103xb.o(HEAP) for Heap_Mem
    startup_stm32f103xb.o(.text) refers to startup_stm32f103xb.o(STACK) for Stack_Mem
    lcd.o(i.Lcd_Clear_Display) refers to lcd.o(i.Lcd_Send_Cmd) for Lcd_Send_Cmd
    lcd.o(i.Lcd_Goto_XY) refers to lcd.o(i.Lcd_Send_Cmd) for Lcd_Send_Cmd
    lcd.o(i.Lcd_Init) refers to lcd.o(i.Lcd_Send_Cmd) for Lcd_Send_Cmd
    lcd.o(i.Lcd_Init) refers to stm32f1xx_hal.o(i.HAL_Delay) for HAL_Delay
    lcd.o(i.Lcd_Send_Cmd) refers to stm32f1xx_hal_i2c.o(i.HAL_I2C_Master_Transmit) for HAL_I2C_Master_Transmit
    lcd.o(i.Lcd_Send_Cmd) refers to main.o(.bss) for hi2c2
    lcd.o(i.Lcd_Send_Data) refers to stm32f1xx_hal_i2c.o(i.HAL_I2C_Master_Transmit) for HAL_I2C_Master_Transmit
    lcd.o(i.Lcd_Send_Data) refers to main.o(.bss) for hi2c2
    lcd.o(i.Lcd_Send_String) refers to lcd.o(i.Lcd_Send_Data) for Lcd_Send_Data
    lcd.o(i.Lcd_Send_String_XY) refers to lcd.o(i.Lcd_Send_Cmd) for Lcd_Send_Cmd
    lcd.o(i.Lcd_Send_String_XY) refers to lcd.o(i.Lcd_Goto_XY) for Lcd_Goto_XY
    lcd.o(i.Lcd_Send_String_XY) refers to lcd.o(i.Lcd_Send_Data) for Lcd_Send_Data
    rfid.o(i.AntennaOff) refers to rfid.o(i.ClearBitMask) for ClearBitMask
    rfid.o(i.AntennaOn) refers to rfid.o(i.Read_MFRC522) for Read_MFRC522
    rfid.o(i.AntennaOn) refers to rfid.o(i.SetBitMask) for SetBitMask
    rfid.o(i.ClearBitMask) refers to rfid.o(i.Read_MFRC522) for Read_MFRC522
    rfid.o(i.ClearBitMask) refers to rfid.o(i.Write_MFRC522) for Write_MFRC522
    rfid.o(i.MFRC522_Anticoll) refers to rfid.o(i.Write_MFRC522) for Write_MFRC522
    rfid.o(i.MFRC522_Anticoll) refers to rfid.o(i.MFRC522_ToCard) for MFRC522_ToCard
    rfid.o(i.MFRC522_Init) refers to rfid.o(i.MFRC522_Reset) for MFRC522_Reset
    rfid.o(i.MFRC522_Init) refers to rfid.o(i.Write_MFRC522) for Write_MFRC522
    rfid.o(i.MFRC522_Request) refers to rfid.o(i.Write_MFRC522) for Write_MFRC522
    rfid.o(i.MFRC522_Request) refers to rfid.o(i.MFRC522_ToCard) for MFRC522_ToCard
    rfid.o(i.MFRC522_Reset) refers to rfid.o(i.Write_MFRC522) for Write_MFRC522
    rfid.o(i.MFRC522_ToCard) refers to rfid.o(i.Write_MFRC522) for Write_MFRC522
    rfid.o(i.MFRC522_ToCard) refers to rfid.o(i.ClearBitMask) for ClearBitMask
    rfid.o(i.MFRC522_ToCard) refers to rfid.o(i.SetBitMask) for SetBitMask
    rfid.o(i.MFRC522_ToCard) refers to rfid.o(i.Read_MFRC522) for Read_MFRC522
    rfid.o(i.RC522_SPI_Transfer) refers to stm32f1xx_hal_spi.o(i.HAL_SPI_TransmitReceive) for HAL_SPI_TransmitReceive
    rfid.o(i.RC522_SPI_Transfer) refers to main.o(.bss) for hspi2
    rfid.o(i.Read_MFRC522) refers to rfid.o(i.RC522_SPI_Transfer) for RC522_SPI_Transfer
    rfid.o(i.SetBitMask) refers to rfid.o(i.Read_MFRC522) for Read_MFRC522
[...]
    .text                                    0x080002ac   Section        2  use_no_semi.o(.text)
    .text                                    0x080002ae   Section        0  indicate_semi.o(.text)
    i.ADC_ConversionStop_Disable             0x080002b0   Section        0  stm32f1xx_hal_adc.o(i.ADC_ConversionStop_Disable)
    i.ADC_DMAConvCplt                        0x08000306   Section        0  stm32f1xx_hal_adc.o(i.ADC_DMAConvCplt)
    i.ADC_DMAError                           0x08000354   Section        0  stm32f1xx_hal_adc.o(i.ADC_DMAError)
    i.ADC_DMAHalfConvCplt                    0x0800036e   Section        0  stm32f1xx_hal_adc.o(i.ADC_DMAHalfConvCplt)
    i.ADC_Enable                             0x08000378   Section        0  stm32f1xx_hal_adc.o(i.ADC_Enable)
    i.BusFault_Handler                       0x080003f4   Section        0  stm32f1xx_it.o(i.BusFault_Handler)
    i.DMA1_Channel1_IRQHandler               0x080003f8   Section        0  stm32f1xx_it.o(i.DMA1_Channel1_IRQHandler)
    i.DMA_SetConfig                          0x08000404   Section        0  stm32f1xx_hal_dma.o(i.DMA_SetConfig)
    DMA_SetConfig                            0x08000405   Thumb Code    42  stm32f1xx_hal_dma.o(i.DMA_SetConfig)
    i.DebugMon_Handler                       0x0800042e   Section        0  stm32f1xx_it.o(i.DebugMon_Handler)
    i.EXTI2_IRQHandler                       0x08000430   Section        0  stm32f1xx_it.o(i.EXTI2_IRQHandler)
    i.EXTI9_5_IRQHandler                     0x08000436   Section        0  stm32f1xx_it.o(i.EXTI9_5_IRQHandler)
    i.Error_Handler                          0x0800043c   Section        0  main.o(i.Error_Handler)
    i.HAL_ADC_ConfigChannel                  0x08000440   Section        0  stm32f1xx_hal_adc.o(i.HAL_ADC_ConfigChannel)
    i.HAL_ADC_ConvCpltCallback               0x0800053c   Section        0  stm32f1xx_hal_adc.o(i.HAL_ADC_ConvCpltCallback)
    i.HAL_ADC_ConvHalfCpltCallback           0x0800053e   Section        0  stm32f1xx_hal_adc.o(i.HAL_ADC_ConvHalfCpltCallback)
    i.HAL_ADC_ErrorCallback                  0x08000540   Section        0  stm32f1xx_hal_adc.o(i.HAL_ADC_ErrorCallback)
    i.HAL_ADC_Init                           0x08000544   Section        0  stm32f1xx_hal_adc.o(i.HAL_ADC_Init)
    i.HAL_ADC_MspInit                        0x08000660   Section        0  stm32f1xx_hal_msp.o(i.HAL_ADC_MspInit)
    i.HAL_ADC_Start_DMA                      0x080006f0   Section        0  stm32f1xx_hal_adc.o(i.HAL_ADC_Start_DMA)
    i.HAL_ADC_Stop_DMA                       0x080007fc   Section        0  stm32f1xx_hal_adc.o(i.HAL_ADC_Stop_DMA)
    i.HAL_DMA_Abort                          0x08000852   Section        0  stm32f1xx_hal_dma.o(i.HAL_DMA_Abort)
    i.HAL_DMA_Abort_IT                       0x08000898   Section        0  stm32f1xx_hal_dma.o(i.HAL_DMA_Abort_IT)
    i.HAL_DMA_IRQHandler                     0x08000930   Section        0  stm32f1xx_hal_dma.o(i.HAL_DMA_IRQHandler)
    i.HAL_DMA_Init                           0x08000a84   Section        0  stm32f1xx_hal_dma.o(i.HAL_DMA_Init)
    i.HAL_DMA_Start_IT                       0x08000ae0   Section        0  stm32f1xx_hal_dma.o(i.HAL_DMA_Start_IT)
    i.HAL_Delay                              0x08000b50   Section        0  stm32f1xx_hal.o(i.HAL_Delay)
    i.HAL_GPIO_EXTI_Callback                 0x08000b74   Section        0  main.o(i.HAL_GPIO_EXTI_Callback)
    i.HAL_GPIO_EXTI_IRQHandler               0x08000bac   Section        0  stm32f1xx_hal_gpio.o(i.HAL_GPIO_EXTI_IRQHandler)
    i.HAL_GPIO_Init                          0x08000bc4   Section        0  stm32f1xx_hal_gpio.o(i.HAL_GPIO_Init)
    i.HAL_GPIO_WritePin                      0x08000da4   Section        0  stm32f1xx_hal_gpio.o(i.HAL_GPIO_WritePin)
    i.HAL_GetTick                            0x08000db0   Section        0  stm32f1xx_hal.o(i.HAL_GetTick)
    i.HAL_I2C_Init                           0x08000dbc   Section        0  stm32f1xx_hal_i2c.o(i.HAL_I2C_Init)
    i.HAL_I2C_Master_Transmit                0x08000f44   Section        0  stm32f1xx_hal_i2c.o(i.HAL_I2C_Master_Transmit)
    i.HAL_I2C_MspInit                        0x08001070   Section        0  stm32f1xx_hal_msp.o(i.HAL_I2C_MspInit)
    i.HAL_IncTick                            0x080010d0   Section        0  stm32f1xx_hal.o(i.HAL_IncTick)
    i.HAL_Init                               0x080010e0   Section        0  stm32f1xx_hal.o(i.HAL_Init)
    i.HAL_InitTick                           0x08001104   Section        0  stm32f1xx_hal.o(i.HAL_InitTick)
    i.HAL_MspInit                            0x08001144   Section        0  stm32f1xx_hal_msp.o(i.HAL_MspInit)
    i.HAL_NVIC_EnableIRQ                     0x08001180   Section        0  stm32f1xx_hal_cortex.o(i.HAL_NVIC_EnableIRQ)
    i.HAL_NVIC_SetPriority                   0x0800119c   Section        0  stm32f1xx_hal_cortex.o(i.HAL_NVIC_SetPriority)
    i.HAL_NVIC_SetPriorityGrouping           0x080011dc   Section        0  stm32f1xx_hal_cortex.o(i.HAL_NVIC_SetPriorityGrouping)
    i.HAL_RCCEx_PeriphCLKConfig              0x08001200   Section        0  stm32f1xx_hal_rcc_ex.o(i.HAL_RCCEx_PeriphCLKConfig)
    i.HAL_RCC_ClockConfig                    0x080012ec   Section        0  stm32f1xx_hal_rcc.o(i.HAL_RCC_ClockConfig)
    i.HAL_RCC_GetPCLK1Freq                   0x08001418   Section        0  stm32f1xx_hal_rcc.o(i.HAL_RCC_GetPCLK1Freq)
    i.HAL_RCC_GetPCLK2Freq                   0x08001438   Section        0  stm32f1xx_hal_rcc.o(i.HAL_RCC_GetPCLK2Freq)
    i.HAL_RCC_GetSysClockFreq                0x08001458   Section        0  stm32f1xx_hal_rcc.o(i.HAL_RCC_GetSysClockFreq)
    i.HAL_RCC_OscConfig                      0x080014a4   Section        0  stm32f1xx_hal_rcc.o(i.HAL_RCC_OscConfig)
    i.HAL_SPI_Init                           0x080017c4   Section        0  stm32f1xx_hal_spi.o(i.HAL_SPI_Init)
    i.HAL_SPI_MspInit                        0x08001878   Section        0  stm32f1xx_hal_msp.o(i.HAL_SPI_MspInit)
    i.HAL_SYSTICK_Config                     0x080018ec   Section        0  stm32f1xx_hal_cortex.o(i.HAL_SYSTICK_Config)
    i.HAL_TIMEx_MasterConfigSynchronization  0x08001914   Section        0  stm32f1xx_hal_tim_ex.o(i.HAL_TIMEx_MasterConfigSynchronization)
    i.HAL_TIM_Base_Init                      0x0800197c   Section        0  stm32f1xx_hal_tim.o(i.HAL_TIM_Base_Init)
    i.HAL_TIM_Base_MspInit                   0x080019d8   Section        0  stm32f1xx_hal_msp.o(i.HAL_TIM_Base_MspInit)
    i.HAL_TIM_ConfigClockSource              0x080019fc   Section        0  stm32f1xx_hal_tim.o(i.HAL_TIM_ConfigClockSource)
    i.HAL_TIM_MspPostInit                    0x08001ad8   Section        0  stm32f1xx_hal_msp.o(i.HAL_TIM_MspPostInit)
    i.HAL_TIM_PWM_ConfigChannel              0x08001b5c   Section        0  stm32f1xx_hal_tim.o(i.HAL_TIM_PWM_ConfigChannel)
    i.HAL_TIM_PWM_Init                       0x08001c28   Section        0  stm32f1xx_hal_tim.o(i.HAL_TIM_PWM_Init)
    i.HAL_TIM_PWM_MspInit                    0x08001c82   Section        0  stm32f1xx_hal_tim.o(i.HAL_TIM_PWM_MspInit)
    i.HAL_TIM_PWM_Start                      0x08001c84   Section        0  stm32f1xx_hal_tim.o(i.HAL_TIM_PWM_Start)
    i.HAL_UARTEx_RxEventCallback             0x08001d20   Section        0  stm32f1xx_hal_uart.o(i.HAL_UARTEx_RxEventCallback)
    i.HAL_UART_ErrorCallback                 0x08001d22   Section        0  stm32f1xx_hal_uart.o(i.HAL_UART_ErrorCallback)
    i.HAL_UART_IRQHandler                    0x08001d24   Section        0  stm32f1xx_hal_uart.o(i.HAL_UART_IRQHandler)
    i.HAL_UART_Init                          0x08001f90   Section        0  stm32f1xx_hal_uart.o(i.HAL_UART_Init)
    i.HAL_UART_MspInit                       0x08001ff4   Section        0  stm32f1xx_hal_msp.o(i.HAL_UART_MspInit)
    i.HAL_UART_Receive_IT                    0x08002084   Section        0  stm32f1xx_hal_uart.o(i.HAL_UART_Receive_IT)
    i.HAL_UART_RxCpltCallback                0x080020a0   Section        0  main.o(i.HAL_UART_RxCpltCallback)
    i.HAL_UART_Transmit                      0x08002138   Section        0  stm32f1xx_hal_uart.o(i.HAL_UART_Transmit)
    i.HAL_UART_TxCpltCallback                0x080021d2   Section        0  stm32f1xx_hal_uart.o(i.HAL_UART_TxCpltCallback)
    i.HardFault_Handler                      0x080021d4   Section        0  stm32f1xx_it.o(i.HardFault_Handler)
    i.I2C_IsAcknowledgeFailed                0x080021d6   Section        0  stm32f1xx_hal_i2c.o(i.I2C_IsAcknowledgeFailed)
    I2C_IsAcknowledgeFailed                  0x080021d7   Thumb Code    46  stm32f1xx_hal_i2c.o(i.I2C_IsAcknowledgeFailed)
    i.I2C_MasterRequestWrite                 0x08002204   Section        0  stm32f1xx_hal_i2c.o(i.I2C_MasterRequestWrite)
    I2C_MasterRequestWrite                   0x08002205   Thumb Code   150  stm32f1xx_hal_i2c.o(i.I2C_MasterRequestWrite)
    i.I2C_WaitOnBTFFlagUntilTimeout          0x080022a0   Section        0  stm32f1xx_hal_i2c.o(i.I2C_WaitOnBTFFlagUntilTimeout)
    I2C_WaitOnBTFFlagUntilTimeout            0x080022a1   Thumb Code    86  stm32f1xx_hal_i2c.o(i.I2C_WaitOnBTFFlagUntilTimeout)
    i.I2C_WaitOnFlagUntilTimeout             0x080022f8   Section        0  stm32f1xx_hal_i2c.o(i.I2C_WaitOnFlagUntilTimeout)
    I2C_WaitOnFlagUntilTimeout               0x080022f9   Thumb Code   144  stm32f1xx_hal_i2c.o(i.I2C_WaitOnFlagUntilTimeout)
    i.I2C_WaitOnMasterAddressFlagUntilTimeout 0x08002388   Section        0  stm32f1xx_hal_i2c.o(i.I2C_WaitOnMasterAddressFlagUntilTimeout)
    I2C_WaitOnMasterAddressFlagUntilTimeout  0x08002389   Thumb Code   188  stm32f1xx_hal_i2c.o(i.I2C_WaitOnMasterAddressFlagUntilTimeout)
    i.I2C_WaitOnTXEFlagUntilTimeout          0x08002444   Section        0  stm32f1xx_hal_i2c.o(i.I2C_WaitOnTXEFlagUntilTimeout)
    I2C_WaitOnTXEFlagUntilTimeout            0x08002445   Thumb Code    86  stm32f1xx_hal_i2c.o(i.I2C_WaitOnTXEFlagUntilTimeout)
    i.Lcd_Clear_Display                      0x0800249a   Section        0  lcd.o(i.Lcd_Clear_Display)
    i.Lcd_Goto_XY                            0x080024a0   Section        0  lcd.o(i.Lcd_Goto_XY)
    i.Lcd_Init                               0x080024b6   Section        0  lcd.o(i.Lcd_Init)
    i.Lcd_Send_Cmd                           0x08002504   Section        0  lcd.o(i.Lcd_Send_Cmd)
    i.Lcd_Send_Data                          0x08002544   Section        0  lcd.o(i.Lcd_Send_Data)
    i.Lcd_Send_String                        0x08002584   Section        0  lcd.o(i.Lcd_Send_String)
    i.Lcd_Send_String_XY                     0x08002598   Section        0  lcd.o(i.Lcd_Send_String_XY)
    i.MX_ADC1_Init                           0x080025c0   Section        0  main.o(i.MX_ADC1_Init)
    MX_ADC1_Init                             0x080025c1   Thumb Code   152  main.o(i.MX_ADC1_Init)
    i.MX_GPIO_Init                           0x08002660   Section        0  main.o(i.MX_GPIO_Init)
    MX_GPIO_Init                             0x08002661   Thumb Code   264  main.o(i.MX_GPIO_Init)
    i.MX_SPI2_Init                           0x08002778   Section        0  main.o(i.MX_SPI2_Init)
    MX_SPI2_Init                             0x08002779   Thumb Code    56  main.o(i.MX_SPI2_Init)
    i.MX_TIM2_Init                           0x080027b8   Section        0  main.o(i.MX_TIM2_Init)
    MX_TIM2_Init                             0x080027b9   Thumb Code   162  main.o(i.MX_TIM2_Init)
    i.MemManage_Handler                      0x08002860   Section        0  stm32f1xx_it.o(i.MemManage_Handler)
    i.NMI_Handler                            0x08002862   Section        0  stm32f1xx_it.o(i.NMI_Handler)
    i.PendSV_Handler                         0x08002864   Section        0  stm32f1xx_it.o(i.PendSV_Handler)
    i.SVC_Handler                            0x08002866   Section        0  stm32f1xx_it.o(i.SVC_Handler)
    i.SysTick_Handler                        0x08002868   Section        0  stm32f1xx_it.o(i.SysTick_Handler)
    i.SystemClock_Config                     0x0800286c   Section        0  main.o(i.SystemClock_Config)
    i.SystemInit                             0x080028da   Section        0  system_stm32f1xx.o(i.SystemInit)
    i.TIM_Base_SetConfig                     0x080028dc   Section        0  stm32f1xx_hal_tim.o(i.TIM_Base_SetConfig)
    i.TIM_CCxChannelCmd                      0x08002948   Section        0  stm32f1xx_hal_tim.o(i.TIM_CCxChannelCmd)
    i.TIM_ETR_SetConfig                      0x08002962   Section        0  stm32f1xx_hal_tim.o(i.TIM_ETR_SetConfig)
    i.TIM_ITRx_SetConfig                     0x08002976   Section        0  stm32f1xx_hal_tim.o(i.TIM_ITRx_SetConfig)
    TIM_ITRx_SetConfig                       0x08002977   Thumb Code    16  stm32f1xx_hal_tim.o(i.TIM_ITRx_SetConfig)
    i.TIM_OC1_SetConfig                      0x08002988   Section        0  stm32f1xx_hal_tim.o(i.TIM_OC1_SetConfig)
    TIM_OC1_SetConfig                        0x08002989   Thumb Code    74  stm32f1xx_hal_tim.o(i.TIM_OC1_SetConfig)
    i.TIM_OC2_SetConfig                      0x080029d8   Section        0  stm32f1xx_hal_tim.o(i.TIM_OC2_SetConfig)
    i.TIM_OC3_SetConfig                      0x08002a30   Section        0  stm32f1xx_hal_tim.o(i.TIM_OC3_SetConfig)
    TIM_OC3_SetConfig                        0x08002a31   Thumb Code    82  stm32f1xx_hal_tim.o(i.TIM_OC3_SetConfig)
    i.TIM_OC4_SetConfig                      0x08002a88   Section        0  stm32f1xx_hal_tim.o(i.TIM_OC4_SetConfig)
    TIM_OC4_SetConfig                        0x08002a89   Thumb Code    64  stm32f1xx_hal_tim.o(i.TIM_OC4_SetConfig)
    i.TIM_TI1_ConfigInputStage               0x08002acc   Section        0  stm32f1xx_hal_tim.o(i.TIM_TI1_ConfigInputStage)
    TIM_TI1_ConfigInputStage                 0x08002acd   Thumb Code    34  stm32f1xx_hal_tim.o(i.TIM_TI1_ConfigInputStage)
    i.TIM_TI2_ConfigInputStage               0x08002aee   Section        0  stm32f1xx_hal_tim.o(i.TIM_TI2_ConfigInputStage)
    TIM_TI2_ConfigInputStage                 0x08002aef   Thumb Code    36  stm32f1xx_hal_tim.o(i.TIM_TI2_ConfigInputStage)
    i.UART_DMAAbortOnError                   0x08002b12   Section        0  stm32f1xx_hal_uart.o(i.UART_DMAAbortOnError)
    UART_DMAAbortOnError                     0x08002b13   Thumb Code    16  stm32f1xx_hal_uart.o(i.UART_DMAAbortOnError)
    i.UART_EndRxTransfer                     0x08002b22   Section        0  stm32f1xx_hal_uart.o(i.UART_EndRxTransfer)
    UART_EndRxTransfer                       0x08002b23   Thumb Code    78  stm32f1xx_hal_uart.o(i.UART_EndRxTransfer)
    i.UART_Receive_IT                        0x08002b70   Section        0  stm32f1xx_hal_uart.o(i.UART_Receive_IT)
    UART_Receive_IT                          0x08002b71   Thumb Code   194  stm32f1xx_hal_uart.o(i.UART_Receive_IT)
    i.UART_SetConfig                         0x08002c34   Section        0  stm32f1xx_hal_uart.o(i.UART_SetConfig)
    UART_SetConfig                           0x08002c35   Thumb Code   178  stm32f1xx_hal_uart.o(i.UART_SetConfig)
    i.UART_Start_Receive_IT                  0x08002cec   Section        0  stm32f1xx_hal_uart.o(i.UART_Start_Receive_IT)
    i.UART_WaitOnFlagUntilTimeout            0x08002d22   Section        0  stm32f1xx_hal_uart.o(i.UART_WaitOnFlagUntilTimeout)
    UART_WaitOnFlagUntilTimeout              0x08002d23   Thumb Code   120  stm32f1xx_hal_uart.o(i.UART_WaitOnFlagUntilTimeout)
    i.USART1_IRQHandler                      0x08002d9c   Section        0  stm32f1xx_it.o(i.USART1_IRQHandler)
    i.UsageFault_Handler                     0x08002da8   Section        0  stm32f1xx_it.o(i.UsageFault_Handler)
    i.V_Analysis_Goods_List                  0x08002dac   Section        0  main.o(i.V_Analysis_Goods_List)
    i.V_Check_Go_Straight                    0x08002dd4   Section        0  main.o(i.V_Check_Go_Straight)
    i.V_Check_Sensor                         0x08002de8   Section        0  main.o(i.V_Check_Sensor)
    i.V_Check_Sensor_Init                    0x08002ec4   Section        0  main.o(i.V_Check_Sensor_Init)
    i.V_Check_Turn_Left                      0x08002f30   Section        0  main.o(i.V_Check_Turn_Left)
    i.V_Come_Back                            0x08002f44   Section        0  main.o(i.V_Come_Back)
    i.V_Control_Remote                       0x08002f70   Section        0  main.o(i.V_Control_Remote)
    i.V_Control_Web                          0x08002fe8   Section        0  main.o(i.V_Control_Web)
    i.V_Cross_the_Intersection               0x08003018   Section        0  main.o(i.V_Cross_the_Intersection)
    i.V_Determine_Distance                   0x080030a0   Section        0  main.o(i.V_Determine_Distance)
    i.V_Determine_Next_Step                  0x08003128   Section        0  main.o(i.V_Determine_Next_Step)
    i.V_GO                                   0x08003238   Section        0  main.o(i.V_GO)
    i.V_Go_Back                              0x0800327c   Section        0  main.o(i.V_Go_Back)
    i.V_Go_Straight                          0x080032bc   Section        0  main.o(i.V_Go_Straight)
    i.V_Pick_Up                              0x080032fc   Section        0  main.o(i.V_Pick_Up)
    i.V_Put_Down                             0x08003438   Section        0  main.o(i.V_Put_Down)
    i.V_Remove_Duplicate                     0x08003538   Section        0  main.o(i.V_Remove_Duplicate)
    i.V_Remove_First_Goods                   0x08003580   Section        0  main.o(i.V_Remove_First_Goods)
    i.V_Sensor_Init                          0x08003594   Section        0  main.o(i.V_Sensor_Init)
    i.V_Ship                                 0x08003688   Section        0  main.o(i.V_Ship)
    i.V_Start                                0x0800377c   Section        0  main.o(i.V_Start)
    i.V_Start_Motor                          0x080037fc   Section        0  main.o(i.V_Start_Motor)
    i.V_Turn_Left                            0x08003818   Section        0  main.o(i.V_Turn_Left)
    i.V_Turn_Left_at_the_Intersection        0x080038cc   Section        0  main.o(i.V_Turn_Left_at_the_Intersection)
    i.V_Turn_Right                           0x08003980   Section        0  main.o(i.V_Turn_Right)
    i.V_Turn_Right_at_the_Intersection       0x08003a3c   Section        0  main.o(i.V_Turn_Right_at_the_Intersection)
    i.__ARM_fpclassify                       0x08003ac0   Section        0  fpclassify.o(i.__ARM_fpclassify)
    i.__NVIC_SetPriority                     0x08003ae8   Section        0  stm32f1xx_hal_cortex.o(i.__NVIC_SetPriority)
    __NVIC_SetPriority                       0x08003ae9   Thumb Code    32  stm32f1xx_hal_cortex.o(i.__NVIC_SetPriority)
    i.__kernel_poly                          0x08003b08   Section        0  poly.o(i.__kernel_poly)
    i.__mathlib_dbl_divzero                  0x08003bb4   Section        0  dunder.o(i.__mathlib_dbl_divzero)
    i.__mathlib_dbl_infnan2                  0x08003bc4   Section        0  dunder.o(i.__mathlib_dbl_infnan2)
    i.__mathlib_dbl_invalid                  0x08003bc8   Section        0  dunder.o(i.__mathlib_dbl_invalid)
    i.__mathlib_dbl_overflow                 0x08003bd4   Section        0  dunder.o(i.__mathlib_dbl_overflow)
    i.__mathlib_dbl_underflow                0x08003be4   Section        0  dunder.o(i.__mathlib_dbl_underflow)
    i.main                                   0x08003bf4   Section        0  main.o(i.main)
    i.pow                                    0x08003e24   Section        0  pow.o(i.pow)
    i.sqrt                                   0x080047fc   Section        0  sqrt.o(i.sqrt)
    x$fpl$dadd                               0x08004848   Section      336  daddsub_clz.o(x$fpl$dadd)
    _dadd1                                   0x08004859   Thumb Code     0  daddsub_clz.o(x$fpl$dadd)
    x$fpl$dcheck1                            0x08004998   Section       16  dcheck1.o(x$fpl$dcheck1)
    x$fpl$dcmpinf                            0x080049a8   Section       24  dcmpi.o(x$fpl$dcmpinf)
    x$fpl$ddiv                               0x080049c0   Section      688  ddiv.o(x$fpl$ddiv)
    ddiv_entry                               0x080049c7   Thumb Code     0  ddiv.o(x$fpl$ddiv)
    x$fpl$dfixu                              0x08004c70   Section       90  dfixu.o(x$fpl$dfixu)
    x$fpl$dflt                               0x08004cca   Section       46  dflt_clz.o(x$fpl$dflt)
    x$fpl$dleqf                              0x08004cf8   Section      120  dleqf.o(x$fpl$dleqf)
    x$fpl$dmul                               0x08004d70   Section      340  dmul.o(x$fpl$dmul)
    x$fpl$dnaninf                            0x08004ec4   Section      156  dnaninf.o(x$fpl$dnaninf)
    x$fpl$dretinf                            0x08004f60   Section       12  dretinf.o(x$fpl$dretinf)
    x$fpl$drleqf                             0x08004f6c   Section      108  drleqf.o(x$fpl$drleqf)
    x$fpl$drsb                               0x08004fd8   Section       22  daddsub_clz.o(x$fpl$drsb)
    x$fpl$dsqrt                              0x08004ff0   Section      460  dsqrt_noumaal.o(x$fpl$dsqrt)
    x$fpl$dsub                               0x080051bc   Section      468  daddsub_clz.o(x$fpl$dsub)
    _dsub1                                   0x080051cd   Thumb Code     0  daddsub_clz.o(x$fpl$dsub)
    x$fpl$retnan                             0x08005390   Section      100  retnan.o(x$fpl$retnan)
    x$fpl$scalbn                             0x080053f4   Section       92  scalbn.o(x$fpl$scalbn)
    x$fpl$trapveneer                         0x08005450   Section       48  trapv.o(x$fpl$trapveneer)
    .constdata                               0x08005480   Section       16  system_stm32f1xx.o(.constdata)
    x$fpl$usenofp                            0x08005480   Section        0  usenofp.o(x$fpl$usenofp)
    .constdata                               0x08005490   Section        8  system_stm32f1xx.o(.constdata)
    .constdata                               0x08005498   Section       18  stm32f1xx_hal_rcc.o(.constdata)
    aPredivFactorTable                       0x08005498   Data           2  stm32f1xx_hal_rcc.o(.constdata)
    aPLLMULFactorTable                       0x0800549a   Data          16  stm32f1xx_hal_rcc.o(.constdata)
    .constdata                               0x080054b0   Section      136  pow.o(.constdata)
    bp                                       0x080054b0   Data          16  pow.o(.constdata)
    dp_h                                     0x080054c0   Data          16  pow.o(.constdata)
    dp_l                                     0x080054d0   Data          16  pow.o(.constdata)
    L                                        0x080054e0   Data          48  pow.o(.constdata)
    P                                        0x08005510   Data          40  pow.o(.constdata)
    .constdata                               0x08005538   Section        8  qnan.o(.constdata)
    .data                                    0x20000000   Section       48  main.o(.data)
    .data                                    0x20000030   Section        4  system_stm32f1xx.o(.data)
    .data                                    0x20000034   Section       12  stm32f1xx_hal.o(.data)
    .bss                                     0x20000040   Section      418  main.o(.bss)
    .bss                                     0x200001e4   Section       68  main.o(.bss)
    .bss                                     0x20000228   Section       96  libspace.o(.bss)
    HEAP                                     0x20000288   Section      512  startup_stm32f103xb.o(HEAP)
    Heap_Mem                                 0x20000288   Data         512  startup_stm32f103xb.o(HEAP)
    STACK                                    0x20000488   Section     1024  startup_stm32f103xb.o(STACK)
    Stack_Mem                                0x20000488   Data        1024  startup_stm32f103xb.o(STACK)
    __initial_sp                             0x20000888   Data           0  startup_stm32f103xb.o(STACK)

    Global Symbols

    Symbol Name                              Value     Ov Type        Size  Object(Section)

    BuildAttributes$$THM_ISAv4$P$D$K$B$S$PE$A:L22UL41UL21$X:L11$S22US41US21$IEEE1$IW$USESV6$~STKCKD$USESV7$~SHL$OTIME$ROPI$IEEEX$EBA8$UX$STANDARDLIB$REQ8$PRES8$EABIv2 0x00000000   Number         0  anon$$obj.o ABSOLUTE
    __ARM_use_no_argv                        0x00000000   Number         0  main.o ABSOLUTE
    __ARM_exceptions_init                     - Undefined Weak Reference
    __alloca_initialize                       - Undefined Weak Reference
    __arm_preinit_                            - Undefined Weak Reference
    __cpp_initialize__aeabi_                  - Undefined Weak Reference
    __cxa_finalize                            - Undefined Weak Reference
    __rt_locale                               - Undefined Weak Reference
    __sigvec_lookup                           - Undefined Weak Reference
    _atexit_init                              - Undefined Weak Reference
    _call_atexit_fns                          - Undefined Weak Reference
    _clock_init                               - Undefined Weak Reference
    _fp_trap_init                             - Undefined Weak Reference
    _fp_trap_shutdown                         - Undefined Weak Reference
    _get_lc_collate                           - Undefined Weak Reference
    _get_lc_ctype                             - Undefined Weak Reference
    _get_lc_monetary                          - Undefined Weak Reference
    _get_lc_numeric                           - Undefined Weak Reference
    _get_lc_time                              - Undefined Weak Reference
    _getenv_init                              - Undefined Weak Reference
    _handle_redirection                       - Undefined Weak Reference
    _init_alloc                               - Undefined Weak Reference
    _init_user_alloc                          - Undefined Weak Reference
    _initio                                   - Undefined Weak Reference
    _rand_init                                - Undefined Weak Reference
    _signal_finish                            - Undefined Weak Reference
    _signal_init                              - Undefined Weak Reference
    _terminate_alloc                          - Undefined Weak Reference
    _terminate_user_alloc                     - Undefined Weak Reference
    _terminateio                              - Undefined Weak Reference
    __Vectors_Size                           0x000000ec   Number         0  startup_stm32f103xb.o ABSOLUTE
    __Vectors                                0x08000000   Data           4  startup_stm32f103xb.o(RESET)
    __Vectors_End                            0x080000ec   Data           0  startup_stm32f103xb.o(RESET)
    __main                                   0x080000ed   Thumb Code     8  __main.o(!!!main)
    __scatterload                            0x080000f5   Thumb Code     0  __scatter.o(!!!scatter)
    __scatterload_rt2                        0x080000f5   Thumb Code    44  __scatter.o(!!!scatter)
    __scatterload_rt2_thumb_only             0x080000f5   Thumb Code     0  __scatter.o(!!!scatter)
    __scatterload_null                       0x08000103   Thumb Code     0  __scatter.o(!!!scatter)
    __scatterload_copy                       0x08000129   Thumb Code    26  __scatter_copy.o(!!handler_copy)
    __scatterload_zeroinit                   0x08000145   Thumb Code    28  __scatter_zi.o(!!handler_zi)
    __rt_lib_init                            0x08000161   Thumb Code     0  libinit.o(.ARM.Collect$$libinit$$00000000)
    __rt_lib_init_alloca_1                   0x08000163   Thumb Code     0  libinit2.o(.ARM.Collect$$libinit$$0000002E)
    __rt_lib_init_argv_1                     0x08000163   Thumb Code     0  libinit2.o(.ARM.Collect$$libinit$$0000002C)
    __rt_lib_init_atexit_1                   0x08000163   Thumb Code     0  libinit2.o(.ARM.Collect$$libinit$$0000001B)
    __rt_lib_init_clock_1                    0x08000163   Thumb Code     0  libinit2.o(.ARM.Collect$$libinit$$00000021)
    __rt_lib_init_cpp_1                      0x08000163   Thumb Code     0  libinit2.o(.ARM.Collect$$libinit$$00000032)
    __rt_lib_init_exceptions_1               0x08000163   Thumb Code     0  libinit2.o(.ARM.Collect$$libinit$$00000030)
    __rt_lib_init_fp_1                       0x08000163   Thumb Code     0  libinit2.o(.ARM.Collect$$libinit$$00000002)
    __rt_lib_init_fp_trap_1                  0x08000163   Thumb Code     0  libinit2.o(.ARM.Collect$$libinit$$0000001F)
    __rt_lib_init_getenv_1                   0x08000163   Thumb Code     0  libinit2.o(.ARM.Collect$$libinit$$00000023)
    __rt_lib_init_heap_1                     0x08000163   Thumb Code     0  libinit2.o(.ARM.Collect$$libinit$$0000000A)
    __rt_lib_init_lc_collate_1               0x08000163   Thumb Code     0  libinit2.o(.ARM.Collect$$libinit$$00000011)
    __rt_lib_init_lc_ctype_1                 0x08000163   Thumb Code     0  libinit2.o(.ARM.Collect$$libinit$$00000013)
    __rt_lib_init_lc_monetary_1              0x08000163   Thumb Code     0  libinit2.o(.ARM.Collect$$libinit$$00000015)
    __rt_lib_init_lc_numeric_1               0x08000163   Thumb Code     0  libinit2.o(.ARM.Collect$$libinit$$00000017)
    __rt_lib_init_lc_time_1                  0x08000163   Thumb Code     0  libinit2.o(.ARM.Collect$$libinit$$00000019)
    __rt_lib_init_preinit_1                  0x08000163   Thumb Code     0  libinit2.o(.ARM.Collect$$libinit$$00000004)
    __rt_lib_init_rand_1                     0x08000163   Thumb Code     0  libinit2.o(.ARM.Collect$$libinit$$0000000E)
    __rt_lib_init_return                     0x08000163   Thumb Code     0  libinit2.o(.ARM.Collect$$libinit$$00000033)
    __rt_lib_init_signal_1                   0x08000163   Thumb Code     0  libinit2.o(.ARM.Collect$$libinit$$0000001D)
    __rt_lib_init_stdio_1                    0x08000163   Thumb Code     0  libinit2.o(.ARM.Collect$$libinit$$00000025)
    __rt_lib_init_user_alloc_1               0x08000163   Thumb Code     0  libinit2.o(.ARM.Collect$$libinit$$0000000C)
    __rt_lib_shutdown                        0x08000165   Thumb Code     0  libshutdown.o(.ARM.Collect$$libshutdown$$00000000)
    __rt_lib_shutdown_cpp_1                  0x08000167   Thumb Code     0  libshutdown2.o(.ARM.Collect$$libshutdown$$00000002)
    __rt_lib_shutdown_fp_trap_1              0x08000167   Thumb Code     0  libshutdown2.o(.ARM.Collect$$libshutdown$$00000007)
    __rt_lib_shutdown_heap_1                 0x08000167   Thumb Code     0  libshutdown2.o(.ARM.Collect$$libshutdown$$0000000F)
    __rt_lib_shutdown_return                 0x08000167   Thumb Code     0  libshutdown2.o(.ARM.Collect$$libshutdown$$00000010)
    __rt_lib_shutdown_signal_1               0x08000167   Thumb Code     0  libshutdown2.o(.ARM.Collect$$libshutdown$$0000000A)
    __rt_lib_shutdown_stdio_1                0x08000167   Thumb Code     0  libshutdown2.o(.ARM.Collect$$libshutdown$$00000004)
    __rt_lib_shutdown_user_alloc_1           0x08000167   Thumb Code     0  libshutdown2.o(.ARM.Collect$$libshutdown$$0000000C)
    __rt_entry                               0x08000169   Thumb Code     0  __rtentry.o(.ARM.Collect$$rtentry$$00000000)
    __rt_entry_presh_1                       0x08000169   Thumb Code     0  __rtentry2.o(.ARM.Collect$$rtentry$$00000002)
    __rt_entry_sh                            0x08000169   Thumb Code     0  __rtentry4.o(.ARM.Collect$$rtentry$$00000004)
    __rt_entry_li                            0x0800016f   Thumb Code     0  __rtentry2.o(.ARM.Collect$$rtentry$$0000000A)
    __rt_entry_postsh_1                      0x0800016f   Thumb Code     0  __rtentry2.o(.ARM.Collect$$rtentry$$00000009)
    __rt_entry_main                          0x08000173   Thumb Code     0  __rtentry2.o(.ARM.Collect$$rtentry$$0000000D)
    __rt_entry_postli_1                      0x08000173   Thumb Code     0  __rtentry2.o(.ARM.Collect$$rtentry$$0000000C)
    __rt_exit                                0x0800017b   Thumb Code     0  rtexit.o(.ARM.Collect$$rtexit$$00000000)
    __rt_exit_ls                             0x0800017d   Thumb Code     0  rtexit2.o(.ARM.Collect$$rtexit$$00000003)
    __rt_exit_prels_1                        0x0800017d   Thumb Code     0  rtexit2.o(.ARM.Collect$$rtexit$$00000002)
    __rt_exit_exit                           0x08000181   Thumb Code     0  rtexit2.o(.ARM.Collect$$rtexit$$00000004)
    Reset_Handler                            0x08000189   Thumb Code     8  startup_stm32f103xb.o(.text)
    ADC1_2_IRQHandler                        0x080001a3   Thumb Code     0  startup_stm32f103xb.o(.text)
    CAN1_RX1_IRQHandler                      0x080001a3   Thumb Code     0  startup_stm32f103xb.o(.text)
    CAN1_SCE_IRQHandler                      0x080001a3   Thumb Code     0  startup_stm32f103xb.o(.text)
    DMA1_Channel2_IRQHandler                 0x080001a3   Thumb Code     0  startup_stm32f103xb.o(.text)
    DMA1_Channel3_IRQHandler                 0x080001a3   Thumb Code     0  startup_stm32f103xb.o(.text)
    DMA1_Channel4_IRQHandler                 0x080001a3   Thumb Code     0  startup_stm32f103xb.o(.text)
    DMA1_Channel5_IRQHandler                 0x080001a3   Thumb Code     0  startup_stm32f103xb.o(.text)
    DMA1_Channel6_IRQHandler                 0x080001a3   Thumb Code     0  startup_stm32f103xb.o(.text)
    DMA1_Channel7_IRQHandler                 0x080001a3   Thumb Code     0  startup_stm32f103xb.o(.text)
    EXTI0_IRQHandler                         0x080001a3   Thumb Code     0  startup_stm32f103xb.o(.text)
    EXTI15_10_IRQHandler                     0x080001a3   Thumb Code     0  startup_stm32f103xb.o(.text)
    EXTI1_IRQHandler                         0x080001a3   Thumb Code     0  startup_stm32f103xb.o(.text)
    EXTI3_IRQHandler                         0x080001a3   Thumb Code     0  startup_stm32f103xb.o(.text)
    EXTI4_IRQHandler                         0x080001a3   Thumb Code     0  startup_stm32f103xb.o(.text)
    FLASH_IRQHandler                         0x080001a3   Thumb Code     0  startup_stm32f103xb.o(.text)
    I2C1_ER_IRQHandler                       0x080001a3   Thumb Code     0  startup_stm32f103xb.o(.text)
    I2C1_EV_IRQHandler                       0x080001a3   Thumb Code     0  startup_stm32f103xb.o(.text)
    I2C2_ER_IRQHandler                       0x080001a3   Thumb Code     0  startup_stm32f103xb.o(.text)
    I2C2_EV_IRQHandler                       0x080001a3   Thumb Code     0  startup_stm32f103xb.o(.text)
    PVD_IRQHandler                           0x080001a3   Thumb Code     0  startup_stm32f103xb.o(.text)
    RCC_IRQHandler                           0x080001a3   Thumb Code     0  startup_stm32f103xb.o(.text)
    RTC_Alarm_IRQHandler                     0x080001a3   Thumb Code     0  startup_stm32f103xb.o(.text)
    RTC_IRQHandler                           0x080001a3   Thumb Code     0  startup_stm32f103xb.o(.text)
    SPI1_IRQHandler                          0x080001a3   Thumb Code     0  startup_stm32f103xb.o(.text)
    SPI2_IRQHandler                          0x080001a3   Thumb Code     0  startup_stm32f103xb.o(.text)
    TAMPER_IRQHandler                        0x080001a3   Thumb Code     0  startup_stm32f103xb.o(.text)
    TIM1_BRK_IRQHandler                      0x080001a3   Thumb Code     0  startup_stm32f103xb.o(.text)
    TIM1_CC_IRQHandler                       0x080001a3   Thumb Code     0  startup_stm32f103xb.o(.text)
    TIM1_TRG_COM_IRQHandler                  0x080001a3   Thumb Code     0  startup_stm32f103xb.o(.text)
    TIM1_UP_IRQHandler                       0x080001a3   Thumb Code     0  startup_stm32f103xb.o(.text)
    TIM2_IRQHandler                          0x080001a3   Thumb Code     0  startup_stm32f103xb.o(.text)
    TIM3_IRQHandler                          0x080001a3   Thumb Code     0  startup_stm32f103xb.o(.text)
    TIM4_IRQHandler                          0x080001a3   Thumb Code     0  startup_stm32f103xb.o(.text)
    USART2_IRQHandler                        0x080001a3   Thumb Code     0  startup_stm32f103xb.o(.text)
    USART3_IRQHandler                        0x080001a3   Thumb Code     0  startup_stm32f103xb.o(.text)
    USBWakeUp_IRQHandler                     0x080001a3   Thumb Code     0  startup_stm32f103xb.o(.text)
    USB_HP_CAN1_TX_IRQHandler                0x080001a3   Thumb Code     0  startup_stm32f103xb.o(.text)
    USB_LP_CAN1_RX0_IRQHandler               0x080001a3   Thumb Code     0  startup_stm32f103xb.o(.text)
    WWDG_IRQHandler                          0x080001a3   Thumb Code     0  startup_stm32f103xb.o(.text)
    __user_initial_stackheap                 0x080001a5   Thumb Code     0  startup_stm32f103xb.o(.text)
    __aeabi_memclr4                          0x080001c9   Thumb Code     0  rt_memclr_w.o(.text)
    __aeabi_memclr8                          0x080001c9   Thumb Code     0  rt_memclr_w.o(.text)
    __rt_memclr_w                            0x080001c9   Thumb Code    78  rt_memclr_w.o(.text)
    _memset_w                                0x080001cd   Thumb Code     0  rt_memclr_w.o(.text)
    __use_two_region_memory                  0x08000217   Thumb Code     2  heapauxi.o(.text)
    __rt_heap_escrow$2region                 0x08000219   Thumb Code     2  heapauxi.o(.text)
    __rt_heap_expand$2region                 0x0800021b   Thumb Code     2  heapauxi.o(.text)
    __read_errno                             0x0800021d   Thumb Code    10  _rserrno.o(.text)
    __set_errno                              0x08000227   Thumb Code    12  _rserrno.o(.text)
    __aeabi_errno_addr                       0x08000235   Thumb Code     8  rt_errno_addr_intlibspace.o(.text)
    __errno$intlibspace                      0x08000235   Thumb Code     0  rt_errno_addr_intlibspace.o(.text)
    __rt_errno_addr$intlibspace              0x08000235   Thumb Code     0  rt_errno_addr_intlibspace.o(.text)
    __user_libspace                          0x0800023d   Thumb Code     8  libspace.o(.text)
    __user_perproc_libspace                  0x0800023d   Thumb Code     0  libspace.o(.text)
    __user_perthread_libspace                0x0800023d   Thumb Code     0  libspace.o(.text)
    __user_setup_stackheap                   0x08000245   Thumb Code    74  sys_stackheap_outer.o(.text)
    exit                                     0x0800028f   Thumb Code    18  exit.o(.text)
    _sys_exit                                0x080002a1   Thumb Code     8  sys_exit.o(.text)
    __I$use$semihosting                      0x080002ad   Thumb Code     0  use_no_semi.o(.text)
    __use_no_semihosting_swi                 0x080002ad   Thumb Code     2  use_no_semi.o(.text)
    __semihosting_library_function           0x080002af   Thumb Code     0  indicate_semi.o(.text)
    ADC_ConversionStop_Disable               0x080002b1   Thumb Code    86  stm32f1xx_hal_adc.o(i.ADC_ConversionStop_Disable)
    ADC_DMAConvCplt                          0x08000307   Thumb Code    78  stm32f1xx_hal_adc.o(i.ADC_DMAConvCplt)
    ADC_DMAError                             0x08000355   Thumb Code    26  stm32f1xx_hal_adc.o(i.ADC_DMAError)
    ADC_DMAHalfConvCplt                      0x0800036f   Thumb Code    10  stm32f1xx_hal_adc.o(i.ADC_DMAHalfConvCplt)
    ADC_Enable                               0x08000379   Thumb Code   114  stm32f1xx_hal_adc.o(i.ADC_Enable)
    BusFault_Handler                         0x080003f5   Thumb Code     2  stm32f1xx_it.o(i.BusFault_Handler)
    DMA1_Channel1_IRQHandler                 0x080003f9   Thumb Code     6  stm32f1xx_it.o(i.DMA1_Channel1_IRQHandler)
    DebugMon_Handler                         0x0800042f   Thumb Code     2  stm32f1xx_it.o(i.DebugMon_Handler)
    EXTI2_IRQHandler                         0x08000431   Thumb Code     6  stm32f1xx_it.o(i.EXTI2_IRQHandler)
    EXTI9_5_IRQHandler                       0x08000437   Thumb Code     6  stm32f1xx_it.o(i.EXTI9_5_IRQHandler)
    Error_Handler                            0x0800043d   Thumb Code     4  main.o(i.Error_Handler)
    HAL_ADC_ConfigChannel                    0x08000441   Thumb Code   240  stm32f1xx_hal_adc.o(i.HAL_ADC_ConfigChannel)
    HAL_ADC_ConvCpltCallback                 0x0800053d   Thumb Code     2  stm32f1xx_hal_adc.o(i.HAL_ADC_ConvCpltCallback)
    HAL_ADC_ConvHalfCpltCallback             0x0800053f   Thumb Code     2  stm32f1xx_hal_adc.o(i.HAL_ADC_ConvHalfCpltCallback)
    HAL_ADC_ErrorCallback                    0x08000541   Thumb Code     2  stm32f1xx_hal_adc.o(i.HAL_ADC_ErrorCallback)
    HAL_ADC_Init                             0x08000545   Thumb Code   272  stm32f1xx_hal_adc.o(i.HAL_ADC_Init)
    HAL_ADC_MspInit                          0x08000661   Thumb Code   122  stm32f1xx_hal_msp.o(i.HAL_ADC_MspInit)
    HAL_ADC_Start_DMA                        0x080006f1   Thumb Code   246  stm32f1xx_hal_adc.o(i.HAL_ADC_Start_DMA)
    HAL_ADC_Stop_DMA                         0x080007fd   Thumb Code    86  stm32f1xx_hal_adc.o(i.HAL_ADC_Stop_DMA)
    HAL_DMA_Abort                            0x08000853   Thumb Code    70  stm32f1xx_hal_dma.o(i.HAL_DMA_Abort)
    HAL_DMA_Abort_IT                         0x08000899   Thumb Code   148  stm32f1xx_hal_dma.o(i.HAL_DMA_Abort_IT)
    HAL_DMA_IRQHandler                       0x08000931   Thumb Code   316  stm32f1xx_hal_dma.o(i.HAL_DMA_IRQHandler)
    HAL_DMA_Init                             0x08000a85   Thumb Code    84  stm32f1xx_hal_dma.o(i.HAL_DMA_Init)
    HAL_DMA_Start_IT                         0x08000ae1   Thumb Code   112  stm32f1xx_hal_dma.o(i.HAL_DMA_Start_IT)
    HAL_Delay                                0x08000b51   Thumb Code    32  stm32f1xx_hal.o(i.HAL_Delay)
    HAL_GPIO_EXTI_Callback                   0x08000b75   Thumb Code    46  main.o(i.HAL_GPIO_EXTI_Callback)
    HAL_GPIO_EXTI_IRQHandler                 0x08000bad   Thumb Code    18  stm32f1xx_hal_gpio.o(i.HAL_GPIO_EXTI_IRQHandler)
    HAL_GPIO_Init                            0x08000bc5   Thumb Code   446  stm32f1xx_hal_gpio.o(i.HAL_GPIO_Init)
    HAL_GPIO_WritePin                        0x08000da5   Thumb Code    10  stm32f1xx_hal_gpio.o(i.HAL_GPIO_WritePin)
    HAL_GetTick                              0x08000db1   Thumb Code     6  stm32f1xx_hal.o(i.HAL_GetTick)
    HAL_I2C_Init                             0x08000dbd   Thumb Code   376  stm32f1xx_hal_i2c.o(i.HAL_I2C_Init)
    HAL_I2C_Master_Transmit                  0x08000f45   Thumb Code   290  stm32f1xx_hal_i2c.o(i.HAL_I2C_Master_Transmit)
    HAL_I2C_MspInit                          0x08001071   Thumb Code    82  stm32f1xx_hal_msp.o(i.HAL_I2C_MspInit)
    HAL_IncTick                              0x080010d1   Thumb Code    12  stm32f1xx_hal.o(i.HAL_IncTick)
    HAL_Init                                 0x080010e1   Thumb Code    32  stm32f1xx_hal.o(i.HAL_Init)
    HAL_InitTick                             0x08001105   Thumb Code    54  stm32f1xx_hal.o(i.HAL_InitTick)
    HAL_MspInit                              0x08001145   Thumb Code    52  stm32f1xx_hal_msp.o(i.HAL_MspInit)
    HAL_NVIC_EnableIRQ                       0x08001181   Thumb Code    26  stm32f1xx_hal_cortex.o(i.HAL_NVIC_EnableIRQ)
    HAL_NVIC_SetPriority                     0x0800119d   Thumb Code    60  stm32f1xx_hal_cortex.o(i.HAL_NVIC_SetPriority)
    HAL_NVIC_SetPriorityGrouping             0x080011dd   Thumb Code    26  stm32f1xx_hal_cortex.o(i.HAL_NVIC_SetPriorityGrouping)
    HAL_RCCEx_PeriphCLKConfig                0x08001201   Thumb Code   224  stm32f1xx_hal_rcc_ex.o(i.HAL_RCCEx_PeriphCLKConfig)
    HAL_RCC_ClockConfig                      0x080012ed   Thumb Code   280  stm32f1xx_hal_rcc.o(i.HAL_RCC_ClockConfig)
    HAL_RCC_GetPCLK1Freq                     0x08001419   Thumb Code    20  stm32f1xx_hal_rcc.o(i.HAL_RCC_GetPCLK1Freq)
    HAL_RCC_GetPCLK2Freq                     0x08001439   Thumb Code    20  stm32f1xx_hal_rcc.o(i.HAL_RCC_GetPCLK2Freq)
    HAL_RCC_GetSysClockFreq                  0x08001459   Thumb Code    58  stm32f1xx_hal_rcc.o(i.HAL_RCC_GetSysClockFreq)
    HAL_RCC_OscConfig                        0x080014a5   Thumb Code   778  stm32f1xx_hal_rcc.o(i.HAL_RCC_OscConfig)
    HAL_SPI_Init                             0x080017c5   Thumb Code   178  stm32f1xx_hal_spi.o(i.HAL_SPI_Init)
    HAL_SPI_MspInit                          0x08001879   Thumb Code   102  stm32f1xx_hal_msp.o(i.HAL_SPI_MspInit)
    HAL_SYSTICK_Config                       0x080018ed   Thumb Code    40  stm32f1xx_hal_cortex.o(i.HAL_SYSTICK_Config)
    HAL_TIMEx_MasterConfigSynchronization    0x08001915   Thumb Code    92  stm32f1xx_hal_tim_ex.o(i.HAL_TIMEx_MasterConfigSynchronization)
    HAL_TIM_Base_Init                        0x0800197d   Thumb Code    90  stm32f1xx_hal_tim.o(i.HAL_TIM_Base_Init)
    HAL_TIM_Base_MspInit                     0x080019d9   Thumb Code    30  stm32f1xx_hal_msp.o(i.HAL_TIM_Base_MspInit)
    HAL_TIM_ConfigClockSource                0x080019fd   Thumb Code   220  stm32f1xx_hal_tim.o(i.HAL_TIM_ConfigClockSource)
    HAL_TIM_MspPostInit                      0x08001ad9   Thumb Code   114  stm32f1xx_hal_msp.o(i.HAL_TIM_MspPostInit)
    HAL_TIM_PWM_ConfigChannel                0x08001b5d   Thumb Code   204  stm32f1xx_hal_tim.o(i.HAL_TIM_PWM_ConfigChannel)
    HAL_TIM_PWM_Init                         0x08001c29   Thumb Code    90  stm32f1xx_hal_tim.o(i.HAL_TIM_PWM_Init)
    HAL_TIM_PWM_MspInit                      0x08001c83   Thumb Code     2  stm32f1xx_hal_tim.o(i.HAL_TIM_PWM_MspInit)
    HAL_TIM_PWM_Start                        0x08001c85   Thumb Code   144  stm32f1xx_hal_tim.o(i.HAL_TIM_PWM_Start)
    HAL_UARTEx_RxEventCallback               0x08001d21   Thumb Code     2  stm32f1xx_hal_uart.o(i.HAL_UARTEx_RxEventCallback)
    HAL_UART_ErrorCallback                   0x08001d23   Thumb Code     2  stm32f1xx_hal_uart.o(i.HAL_UART_ErrorCallback)
    HAL_UART_IRQHandler                      0x08001d25   Thumb Code   616  stm32f1xx_hal_uart.o(i.HAL_UART_IRQHandler)
    HAL_UART_Init                            0x08001f91   Thumb Code   100  stm32f1xx_hal_uart.o(i.HAL_UART_Init)
    HAL_UART_MspInit                         0x08001ff5   Thumb Code   128  stm32f1xx_hal_msp.o(i.HAL_UART_MspInit)
    HAL_UART_Receive_IT                      0x08002085   Thumb Code    28  stm32f1xx_hal_uart.o(i.HAL_UART_Receive_IT)
    HAL_UART_RxCpltCallback                  0x080020a1   Thumb Code   144  main.o(i.HAL_UART_RxCpltCallback)
    HAL_UART_Transmit                        0x08002139   Thumb Code   154  stm32f1xx_hal_uart.o(i.HAL_UART_Transmit)
    HAL_UART_TxCpltCallback                  0x080021d3   Thumb Code     2  stm32f1xx_hal_uart.o(i.HAL_UART_TxCpltCallback)
    HardFault_Handler                        0x080021d5   Thumb Code     2  stm32f1xx_it.o(i.HardFault_Handler)
    Lcd_Clear_Display                        0x0800249b   Thumb Code     6  lcd.o(i.Lcd_Clear_Display)
    Lcd_Goto_XY                              0x080024a1   Thumb Code    22  lcd.o(i.Lcd_Goto_XY)
    Lcd_Init                                 0x080024b7   Thumb Code    78  lcd.o(i.Lcd_Init)
    Lcd_Send_Cmd                             0x08002505   Thumb Code    58  lcd.o(i.Lcd_Send_Cmd)
    Lcd_Send_Data                            0x08002545   Thumb Code    58  lcd.o(i.Lcd_Send_Data)
    Lcd_Send_String                          0x08002585   Thumb Code    20  lcd.o(i.Lcd_Send_String)
    Lcd_Send_String_XY                       0x08002599   Thumb Code    38  lcd.o(i.Lcd_Send_String_XY)
    MemManage_Handler                        0x08002861   Thumb Code     2  stm32f1xx_it.o(i.MemManage_Handler)
    NMI_Handler                              0x08002863   Thumb Code     2  stm32f1xx_it.o(i.NMI_Handler)
    PendSV_Handler                           0x08002865   Thumb Code     2  stm32f1xx_it.o(i.PendSV_Handler)
    SVC_Handler                              0x08002867   Thumb Code     2  stm32f1xx_it.o(i.SVC_Handler)
    SysTick_Handler                          0x08002869   Thumb Code     4  stm32f1xx_it.o(i.SysTick_Handler)
    SystemClock_Config                       0x0800286d   Thumb Code   110  main.o(i.SystemClock_Config)
    SystemInit                               0x080028db   Thumb Code     2  system_stm32f1xx.o(i.SystemInit)
    TIM_Base_SetConfig                       0x080028dd   Thumb Code    94  stm32f1xx_hal_tim.o(i.TIM_Base_SetConfig)
    TIM_CCxChannelCmd                        0x08002949   Thumb Code    26  stm32f1xx_hal_tim.o(i.TIM_CCxChannelCmd)
    TIM_ETR_SetConfig                        0x08002963   Thumb Code    20  stm32f1xx_hal_tim.o(i.TIM_ETR_SetConfig)
    TIM_OC2_SetConfig                        0x080029d9   Thumb Code    84  stm32f1xx_hal_tim.o(i.TIM_OC2_SetConfig)
    UART_Start_Receive_IT                    0x08002ced   Thumb Code    54  stm32f1xx_hal_uart.o(i.UART_Start_Receive_IT)
    USART1_IRQHandler                        0x08002d9d   Thumb Code     6  stm32f1xx_it.o(i.USART1_IRQHandler)
    UsageFault_Handler                       0x08002da9   Thumb Code     2  stm32f1xx_it.o(i.UsageFault_Handler)
    V_Analysis_Goods_List                    0x08002dad   Thumb Code    36  main.o(i.V_Analysis_Goods_List)
    V_Check_Go_Straight                      0x08002dd5   Thumb Code    16  main.o(i.V_Check_Go_Straight)
    V_Check_Sensor                           0x08002de9   Thumb Code   214  main.o(i.V_Check_Sensor)
    V_Check_Sensor_Init                      0x08002ec5   Thumb Code   100  main.o(i.V_Check_Sensor_Init)
    V_Check_Turn_Left                        0x08002f31   Thumb Code    16  main.o(i.V_Check_Turn_Left)
    V_Come_Back                              0x08002f45   Thumb Code    36  main.o(i.V_Come_Back)
    V_Control_Remote                         0x08002f71   Thumb Code   106  main.o(i.V_Control_Remote)
    V_Control_Web                            0x08002fe9   Thumb Code    36  main.o(i.V_Control_Web)
    V_Cross_the_Intersection                 0x08003019   Thumb Code   128  main.o(i.V_Cross_the_Intersection)
    V_Determine_Distance                     0x080030a1   Thumb Code   134  main.o(i.V_Determine_Distance)
    V_Determine_Next_Step                    0x08003129   Thumb Code   264  main.o(i.V_Determine_Next_Step)
    V_GO                                     0x08003239   Thumb Code    62  main.o(i.V_GO)
    V_Go_Back                                0x0800327d   Thumb Code    54  main.o(i.V_Go_Back)
    V_Go_Straight                            0x080032bd   Thumb Code    54  main.o(i.V_Go_Straight)
    V_Pick_Up                                0x080032fd   Thumb Code   242  main.o(i.V_Pick_Up)
    V_Put_Down                               0x08003439   Thumb Code   216  main.o(i.V_Put_Down)
    V_Remove_Duplicate                       0x08003539   Thumb Code    72  main.o(i.V_Remove_Duplicate)
    V_Remove_First_Goods                     0x08003581   Thumb Code    20  main.o(i.V_Remove_First_Goods)
    V_Sensor_Init                            0x08003595   Thumb Code   230  main.o(i.V_Sensor_Init)
    V_Ship                                   0x08003689   Thumb Code   236  main.o(i.V_Ship)
    V_Start                                  0x0800377d   Thumb Code   118  main.o(i.V_Start)
    V_Start_Motor                            0x080037fd   Thumb Code    18  main.o(i.V_Start_Motor)
    V_Turn_Left                              0x08003819   Thumb Code   166  main.o(i.V_Turn_Left)
    V_Turn_Left_at_the_Intersection          0x080038cd   Thumb Code   172  main.o(i.V_Turn_Left_at_the_Intersection)
    V_Turn_Right                             0x08003981   Thumb Code   172  main.o(i.V_Turn_Right)
    V_Turn_Right_at_the_Intersection         0x08003a3d   Thumb Code   124  main.o(i.V_Turn_Right_at_the_Intersection)
    __ARM_fpclassify                         0x08003ac1   Thumb Code    40  fpclassify.o(i.__ARM_fpclassify)
    __kernel_poly                            0x08003b09   Thumb Code   170  poly.o(i.__kernel_poly)
    __mathlib_dbl_divzero                    0x08003bb5   Thumb Code    12  dunder.o(i.__mathlib_dbl_divzero)
    __mathlib_dbl_infnan2                    0x08003bc5   Thumb Code     4  dunder.o(i.__mathlib_dbl_infnan2)
    __mathlib_dbl_invalid                    0x08003bc9   Thumb Code    12  dunder.o(i.__mathlib_dbl_invalid)
    __mathlib_dbl_overflow                   0x08003bd5   Thumb Code    14  dunder.o(i.__mathlib_dbl_overflow)
    __mathlib_dbl_underflow                  0x08003be5   Thumb Code    10  dunder.o(i.__mathlib_dbl_underflow)
    main                                     0x08003bf5   Thumb Code   530  main.o(i.main)
    pow                                      0x08003e25   Thumb Code  2512  pow.o(i.pow)
    sqrt                                     0x080047fd   Thumb Code    76  sqrt.o(i.sqrt)
    __aeabi_dadd                             0x08004849   Thumb Code     0  daddsub_clz.o(x$fpl$dadd)
    _dadd                                    0x08004849   Thumb Code   332  daddsub_clz.o(x$fpl$dadd)
    __fpl_dcheck_NaN1                        0x08004999   Thumb Code    10  dcheck1.o(x$fpl$dcheck1)
    __fpl_dcmp_Inf                           0x080049a9   Thumb Code    24  dcmpi.o(x$fpl$dcmpinf)
    __aeabi_ddiv                             0x080049c1   Thumb Code     0  ddiv.o(x$fpl$ddiv)
    _ddiv                                    0x080049c1   Thumb Code   552  ddiv.o(x$fpl$ddiv)
    __aeabi_d2uiz                            0x08004c71   Thumb Code     0  dfixu.o(x$fpl$dfixu)
    _dfixu                                   0x08004c71   Thumb Code    90  dfixu.o(x$fpl$dfixu)
    __aeabi_i2d                              0x08004ccb   Thumb Code     0  dflt_clz.o(x$fpl$dflt)
    _dflt                                    0x08004ccb   Thumb Code    46  dflt_clz.o(x$fpl$dflt)
    __aeabi_cdcmple                          0x08004cf9   Thumb Code     0  dleqf.o(x$fpl$dleqf)
    _dcmple                                  0x08004cf9   Thumb Code   120  dleqf.o(x$fpl$dleqf)
    __fpl_dcmple_InfNaN                      0x08004d5b   Thumb Code     0  dleqf.o(x$fpl$dleqf)
    __aeabi_dmul                             0x08004d71   Thumb Code     0  dmul.o(x$fpl$dmul)
    _dmul                                    0x08004d71   Thumb Code   332  dmul.o(x$fpl$dmul)
    __fpl_dnaninf                            0x08004ec5   Thumb Code   156  dnaninf.o(x$fpl$dnaninf)
    __fpl_dretinf                            0x08004f61   Thumb Code    12  dretinf.o(x$fpl$dretinf)
    __aeabi_cdrcmple                         0x08004f6d   Thumb Code     0  drleqf.o(x$fpl$drleqf)
    _drcmple                                 0x08004f6d   Thumb Code   108  drleqf.o(x$fpl$drleqf)
    __aeabi_drsub                            0x08004fd9   Thumb Code     0  daddsub_clz.o(x$fpl$drsb)
    _drsb                                    0x08004fd9   Thumb Code    22  daddsub_clz.o(x$fpl$drsb)
    _dsqrt                                   0x08004ff1   Thumb Code   456  dsqrt_noumaal.o(x$fpl$dsqrt)
    __aeabi_dsub                             0x080051bd   Thumb Code     0  daddsub_clz.o(x$fpl$dsub)
    _dsub                                    0x080051bd   Thumb Code   464  daddsub_clz.o(x$fpl$dsub)
    __fpl_return_NaN                         0x08005391   Thumb Code   100  retnan.o(x$fpl$retnan)
    __ARM_scalbn                             0x080053f5   Thumb Code    92  scalbn.o(x$fpl$scalbn)
    __fpl_cmpreturn                          0x08005451   Thumb Code    48  trapv.o(x$fpl$trapveneer)
    AHBPrescTable                            0x08005480   Data          16  system_stm32f1xx.o(.constdata)
    __I$use$fp                               0x08005480   Number         0  usenofp.o(x$fpl$usenofp)
    APBPrescTable                            0x08005490   Data           8  system_stm32f1xx.o(.constdata)
    __mathlib_zero                           0x08005538   Data           8  qnan.o(.constdata)
    Region$$Table$$Base                      0x08005540   Number         0  anon$$obj.o(Region$$Table)
    Region$$Table$$Limit                     0x08005560   Number         0  anon$$obj.o(Region$$Table)
    cross_interection_state                  0x20000000   Data           1  main.o(.data)
    turn_left_interection_state              0x20000001   Data           1  main.o(.data)
    turn_right_interection_state             0x20000002   Data           1  main.o(.data)
    distance_tmp                             0x20000003   Data           1  main.o(.data)
    state                                    0x20000004   Data           1  main.o(.data)
    process_state                            0x20000005   Data           1  main.o(.data)
    pick_state                               0x20000006   Data           1  main.o(.data)
    ship_state                               0x20000007   Data           1  main.o(.data)
    state_go                                 0x20000008   Data           1  main.o(.data)
    state_put_down                           0x20000009   Data           1  main.o(.data)
    start                                    0x2000000a   Data           1  main.o(.data)
    state_comeback                           0x2000000b   Data           1  main.o(.data)
    robot                                    0x2000000c   Data           1  main.o(.data)
    Rx                                       0x2000000d   Data           1  main.o(.data)
    Tx                                       0x2000000e   Data           1  main.o(.data)
    direct                                   0x2000000f   Data           1  main.o(.data)
    tmp                                      0x20000010   Data           1  main.o(.data)
    val1                                     0x20000012   Data           2  main.o(.data)
    val2                                     0x20000014   Data           2  main.o(.data)
    systick_count                            0x20000018   Data           4  main.o(.data)
    agv_infor                                0x2000001c   Data           5  main.o(.data)
    check                                    0x20000021   Data           5  main.o(.data)
    str                                      0x20000026   Data           5  main.o(.data)
    ID_Scan                                  0x2000002b   Data           5  main.o(.data)
    SystemCoreClock                          0x20000030   Data           4  system_stm32f1xx.o(.data)
    uwTickFreq                               0x20000034   Data           1  stm32f1xx_hal.o(.data)
    uwTickPrio                               0x20000038   Data           4  stm32f1xx_hal.o(.data)
    uwTick                                   0x2000003c   Data           4  stm32f1xx_hal.o(.data)
    hadc1                                    0x20000040   Data          48  main.o(.bss)
    hi2c2                                    0x20000070   Data          84  main.o(.bss)
    hspi2                                    0x200000c4   Data          88  main.o(.bss)
    htim2                                    0x2000011c   Data          72  main.o(.bss)
    huart1                                   0x20000164   Data          72  main.o(.bss)
    goods_infor                              0x200001ac   Data          14  main.o(.bss)
    data                                     0x200001ba   Data          10  main.o(.bss)
    data_max                                 0x200001c4   Data          10  main.o(.bss)
    data_min                                 0x200001ce   Data          10  main.o(.bss)
    sensor                                   0x200001d8   Data          10  main.o(.bss)
    hdma_adc1                                0x200001e4   Data          68  main.o(.bss)
    __libspace_start                         0x20000228   Data          96  libspace.o(.bss)
    __temporary_stack_top$libspace           0x20000288   Data           0  libspace.o(.bss)



==============================================================================

Memory Map of the image

  Image Entry point : 0x080000ed

  Load Region LR_IROM1 (Base: 0x08000000, Size: 0x000055a0, Max: 0x00010000, ABSOLUTE)

    Execution Region ER_IROM1 (Exec base: 0x08000000, Load base: 0x08000000, Size: 0x00005560, Max: 0x00010000, ABSOLUTE)

    Exec Addr    Load Addr    Size         Type   Attr      Idx    E Section Name        Object

    0x08000000   0x08000000   0x000000ec   Data   RO            3    RESET               startup_stm32f103xb.o
    0x080000ec   0x080000ec   0x00000008   Code   RO         4214  * !!!main             c_w.l(__main.o)
    0x080000f4   0x080000f4   0x00000034   Code   RO         4458    !!!scatter          c_w.l(__scatter.o)
    0x08000128   0x08000128   0x0000001a   Code   RO         4460    !!handler_copy      c_w.l(__scatter_copy.o)
    0x08000142   0x08000142   0x00000002   PAD
    0x08000144   0x08000144   0x0000001c   Code   RO         4462    !!handler_zi        c_w.l(__scatter_zi.o)
    0x08000160   0x08000160   0x00000002   Code   RO         4325    .ARM.Collect$$libinit$$00000000  c_w.l(libinit.o)
    0x08000162   0x08000162   0x00000000   Code   RO         4333    .ARM.Collect$$libinit$$00000002  c_w.l(libinit2.o)
    0x08000162   0x08000162   0x00000000   Code   RO         4335    .ARM.Collect$$libinit$$00000004  c_w.l(libinit2.o)
    0x08000162   0x08000162   0x00000000   Code   RO         4338    .ARM.Collect$$libinit$$0000000A  c_w.l(libinit2.o)
    0x08000162   0x08000162   0x00000000   Code   RO         4340    .ARM.Collect$$libinit$$0000000C  c_w.l(libinit2.o)
    0x08000162   0x08000162   0x00000000   Code   RO         4342    .ARM.Collect$$libinit$$0000000E  c_w.l(libinit2.o)
    0x08000162   0x08000162   0x00000000   Code   RO         4345    .ARM.Collect$$libinit$$00000011  c_w.l(libinit2.o)
    0x08000162   0x08000162   0x00000000   Code   RO         4347    .ARM.Collect$$libinit$$00000013  c_w.l(libinit2.o)
    0x08000162   0x08000162   0x00000000   Code   RO         4349    .ARM.Collect$$libinit$$00000015  c_w.l(libinit2.o)
    0x08000162   0x08000162   0x00000000   Code   RO         4351    .ARM.Collect$$libinit$$00000017  c_w.l(libinit2.o)
    0x08000162   0x08000162   0x00000000   Code   RO         4353    .ARM.Collect$$libinit$$00000019  c_w.l(libinit2.o)
    0x08000162   0x08000162   0x00000000   Code   RO         4355    .ARM.Collect$$libinit$$0000001B  c_w.l(libinit2.o)
    0x08000162   0x08000162   0x00000000   Code   RO         4357    .ARM.Collect$$libinit$$0000001D  c_w.l(libinit2.o)
    0x08000162   0x08000162   0x00000000   Code   RO         4359    .ARM.Collect$$libinit$$0000001F  c_w.l(libinit2.o)
    0x08000162   0x08000162   0x00000000   Code   RO         4361    .ARM.Collect$$libinit$$00000021  c_w.l(libinit2.o)
    0x08000162   0x08000162   0x00000000   Code   RO         4363    .ARM.Collect$$libinit$$00000023  c_w.l(libinit2.o)
    0x08000162   0x08000162   0x00000000   Code   RO         4365    .ARM.Collect$$libinit$$00000025  c_w.l(libinit2.o)
    0x08000162   0x08000162   0x00000000   Code   RO         4369    .ARM.Collect$$libinit$$0000002C  c_w.l(libinit2.o)
    0x08000162   0x08000162   0x00000000   Code   RO         4371    .ARM.Collect$$libinit$$0000002E  c_w.l(libinit2.o)
    0x08000162   0x08000162   0x00000000   Code   RO         4373    .ARM.Collect$$libinit$$00000030  c_w.l(libinit2.o)
    0x08000162   0x08000162   0x00000000   Code   RO         4375    .ARM.Collect$$libinit$$00000032  c_w.l(libinit2.o)
    0x08000162   0x08000162   0x00000002   Code   RO         4376    .ARM.Collect$$libinit$$00000033  c_w.l(libinit2.o)
    0x08000164   0x08000164   0x00000002   Code   RO         4398    .ARM.Collect$$libshutdown$$00000000  c_w.l(libshutdown.o)
    0x08000166   0x08000166   0x00000000   Code   RO         4411    .ARM.Collect$$libshutdown$$00000002  c_w.l(libshutdown2.o)
    0x08000166   0x08000166   0x00000000   Code   RO         4413    .ARM.Collect$$libshutdown$$00000004  c_w.l(libshutdown2.o)
    0x08000166   0x08000166   0x00000000   Code   RO         4416    .ARM.Collect$$libshutdown$$00000007  c_w.l(libshutdown2.o)
    0x08000166   0x08000166   0x00000000   Code   RO         4419    .ARM.Collect$$libshutdown$$0000000A  c_w.l(libshutdown2.o)
    0x08000166   0x08000166   0x00000000   Code   RO         4421    .ARM.Collect$$libshutdown$$0000000C  c_w.l(libshutdown2.o)
    0x08000166   0x08000166   0x00000000   Code   RO         4424    .ARM.Collect$$libshutdown$$0000000F  c_w.l(libshutdown2.o)
    0x08000166   0x08000166   0x00000002   Code   RO         4425    .ARM.Collect$$libshutdown$$00000010  c_w.l(libshutdown2.o)
    0x08000168   0x08000168   0x00000000   Code   RO         4242    .ARM.Collect$$rtentry$$00000000  c_w.l(__rtentry.o)
    0x08000168   0x08000168   0x00000000   Code   RO         4288    .ARM.Collect$$rtentry$$00000002  c_w.l(__rtentry2.o)
    0x08000168   0x08000168   0x00000006   Code   RO         4300    .ARM.Collect$$rtentry$$00000004  c_w.l(__rtentry4.o)
    0x0800016e   0x0800016e   0x00000000   Code   RO         4290    .ARM.Collect$$rtentry$$00000009  c_w.l(__rtentry2.o)
    0x0800016e   0x0800016e   0x00000004   Code   RO         4291    .ARM.Collect$$rtentry$$0000000A  c_w.l(__rtentry2.o)
    0x08000172   0x08000172   0x00000000   Code   RO         4293    .ARM.Collect$$rtentry$$0000000C  c_w.l(__rtentry2.o)
    0x08000172   0x08000172   0x00000008   Code   RO         4294    .ARM.Collect$$rtentry$$0000000D  c_w.l(__rtentry2.o)
    0x0800017a   0x0800017a   0x00000002   Code   RO         4330    .ARM.Collect$$rtexit$$00000000  c_w.l(rtexit.o)
    0x0800017c   0x0800017c   0x00000000   Code   RO         4380    .ARM.Collect$$rtexit$$00000002  c_w.l(rtexit2.o)
    0x0800017c   0x0800017c   0x00000004   Code   RO         4381    .ARM.Collect$$rtexit$$00000003  c_w.l(rtexit2.o)
    0x08000180   0x08000180   0x00000006   Code   RO         4382    .ARM.Collect$$rtexit$$00000004  c_w.l(rtexit2.o)
    0x08000186   0x08000186   0x00000002   PAD
    0x08000188   0x08000188   0x00000040   Code   RO            4    .text               startup_stm32f103xb.o
    0x080001c8   0x080001c8   0x0000004e   Code   RO         4210    .text               c_w.l(rt_memclr_w.o)
    0x08000216   0x08000216   0x00000006   Code   RO         4212    .text               c_w.l(heapauxi.o)
    0x0800021c   0x0800021c   0x00000016   Code   RO         4243    .text               c_w.l(_rserrno.o)
    0x08000232   0x08000232   0x00000002   PAD
    0x08000234   0x08000234   0x00000008   Code   RO         4305    .text               c_w.l(rt_errno_addr_intlibspace.o)
    0x0800023c   0x0800023c   0x00000008   Code   RO         4313    .text               c_w.l(libspace.o)
    0x08000244   0x08000244   0x0000004a   Code   RO         4316    .text               c_w.l(sys_stackheap_outer.o)
    0x0800028e   0x0800028e   0x00000012   Code   RO         4318    .text               c_w.l(exit.o)
    0x080002a0   0x080002a0   0x0000000c   Code   RO         4390    .text               c_w.l(sys_exit.o)
    0x080002ac   0x080002ac   0x00000002   Code   RO         4401    .text               c_w.l(use_no_semi.o)
    0x080002ae   0x080002ae   0x00000000   Code   RO         4403    .text               c_w.l(indicate_semi.o)
    0x080002ae   0x080002ae   0x00000002   PAD
    0x080002b0   0x080002b0   0x00000056   Code   RO          861    i.ADC_ConversionStop_Disable  stm32f1xx_hal_adc.o
    0x08000306   0x08000306   0x0000004e   Code   RO          862    i.ADC_DMAConvCplt   stm32f1xx_hal_adc.o
    0x08000354   0x08000354   0x0000001a   Code   RO          863    i.ADC_DMAError      stm32f1xx_hal_adc.o
    0x0800036e   0x0800036e   0x0000000a   Code   RO          864    i.ADC_DMAHalfConvCplt  stm32f1xx_hal_adc.o
    0x08000378   0x08000378   0x0000007c   Code   RO          865    i.ADC_Enable        stm32f1xx_hal_adc.o
    0x080003f4   0x080003f4   0x00000002   Code   RO          596    i.BusFault_Handler  stm32f1xx_it.o
    0x080003f6   0x080003f6   0x00000002   PAD
    0x080003f8   0x080003f8   0x0000000c   Code   RO          597    i.DMA1_Channel1_IRQHandler  stm32f1xx_it.o
    0x08000404   0x08000404   0x0000002a   Code   RO         1517    i.DMA_SetConfig     stm32f1xx_hal_dma.o
    0x0800042e   0x0800042e   0x00000002   Code   RO          598    i.DebugMon_Handler  stm32f1xx_it.o
    0x08000430   0x08000430   0x00000006   Code   RO          599    i.EXTI2_IRQHandler  stm32f1xx_it.o
    0x08000436   0x08000436   0x00000006   Code   RO          600    i.EXTI9_5_IRQHandler  stm32f1xx_it.o
    0x0800043c   0x0800043c   0x00000004   Code   RO          346    i.Error_Handler     main.o
    0x08000440   0x08000440   0x000000fc   Code   RO          867    i.HAL_ADC_ConfigChannel  stm32f1xx_hal_adc.o
    0x0800053c   0x0800053c   0x00000002   Code   RO          868    i.HAL_ADC_ConvCpltCallback  stm32f1xx_hal_adc.o
    0x0800053e   0x0800053e   0x00000002   Code   RO          869    i.HAL_ADC_ConvHalfCpltCallback  stm32f1xx_hal_adc.o
    0x08000540   0x08000540   0x00000002   Code   RO          871    i.HAL_ADC_ErrorCallback  stm32f1xx_hal_adc.o
    0x08000542   0x08000542   0x00000002   PAD
    0x08000544   0x08000544   0x0000011c   Code   RO          876    i.HAL_ADC_Init      stm32f1xx_hal_adc.o
    0x08000660   0x08000660   0x00000090   Code   RO          697    i.HAL_ADC_MspInit   stm32f1xx_hal_msp.o
    0x080006f0   0x080006f0   0x0000010c   Code   RO          883    i.HAL_ADC_Start_DMA  stm32f1xx_hal_adc.o
    0x080007fc   0x080007fc   0x00000056   Code   RO          886    i.HAL_ADC_Stop_DMA  stm32f1xx_hal_adc.o
    0x08000852   0x08000852   0x00000046   Code   RO         1518    i.HAL_DMA_Abort     stm32f1xx_hal_dma.o
    0x08000898   0x08000898   0x00000098   Code   RO         1519    i.HAL_DMA_Abort_IT  stm32f1xx_hal_dma.o
    0x08000930   0x08000930   0x00000154   Code   RO         1523    i.HAL_DMA_IRQHandler  stm32f1xx_hal_dma.o
    0x08000a84   0x08000a84   0x0000005c   Code   RO         1524    i.HAL_DMA_Init      stm32f1xx_hal_dma.o
    0x08000ae0   0x08000ae0   0x00000070   Code   RO         1528    i.HAL_DMA_Start_IT  stm32f1xx_hal_dma.o
    0x08000b50   0x08000b50   0x00000024   Code   RO         1144    i.HAL_Delay         stm32f1xx_hal.o
    0x08000b74   0x08000b74   0x00000038   Code   RO          347    i.HAL_GPIO_EXTI_Callback  main.o
    0x08000bac   0x08000bac   0x00000018   Code   RO         1453    i.HAL_GPIO_EXTI_IRQHandler  stm32f1xx_hal_gpio.o
    0x08000bc4   0x08000bc4   0x000001e0   Code   RO         1454    i.HAL_GPIO_Init     stm32f1xx_hal_gpio.o
    0x08000da4   0x08000da4   0x0000000a   Code   RO         1458    i.HAL_GPIO_WritePin  stm32f1xx_hal_gpio.o
    0x08000dae   0x08000dae   0x00000002   PAD
    0x08000db0   0x08000db0   0x0000000c   Code   RO         1148    i.HAL_GetTick       stm32f1xx_hal.o
    0x08000dbc   0x08000dbc   0x00000188   Code   RO         2125    i.HAL_I2C_Init      stm32f1xx_hal_i2c.o
    0x08000f44   0x08000f44   0x0000012c   Code   RO         2138    i.HAL_I2C_Master_Transmit  stm32f1xx_hal_i2c.o
    0x08001070   0x08001070   0x00000060   Code   RO          699    i.HAL_I2C_MspInit   stm32f1xx_hal_msp.o
    0x080010d0   0x080010d0   0x00000010   Code   RO         1154    i.HAL_IncTick       stm32f1xx_hal.o
    0x080010e0   0x080010e0   0x00000024   Code   RO         1155    i.HAL_Init          stm32f1xx_hal.o
    0x08001104   0x08001104   0x00000040   Code   RO         1156    i.HAL_InitTick      stm32f1xx_hal.o
    0x08001144   0x08001144   0x0000003c   Code   RO          700    i.HAL_MspInit       stm32f1xx_hal_msp.o
    0x08001180   0x08001180   0x0000001a   Code   RO         1614    i.HAL_NVIC_EnableIRQ  stm32f1xx_hal_cortex.o
    0x0800119a   0x0800119a   0x00000002   PAD
    0x0800119c   0x0800119c   0x00000040   Code   RO         1620    i.HAL_NVIC_SetPriority  stm32f1xx_hal_cortex.o
    0x080011dc   0x080011dc   0x00000024   Code   RO         1621    i.HAL_NVIC_SetPriorityGrouping  stm32f1xx_hal_cortex.o
    0x08001200   0x08001200   0x000000ec   Code   RO         1416    i.HAL_RCCEx_PeriphCLKConfig  stm32f1xx_hal_rcc_ex.o
    0x080012ec   0x080012ec   0x0000012c   Code   RO         1312    i.HAL_RCC_ClockConfig  stm32f1xx_hal_rcc.o
    0x08001418   0x08001418   0x00000020   Code   RO         1319    i.HAL_RCC_GetPCLK1Freq  stm32f1xx_hal_rcc.o
    0x08001438   0x08001438   0x00000020   Code   RO         1320    i.HAL_RCC_GetPCLK2Freq  stm32f1xx_hal_rcc.o
    0x08001458   0x08001458   0x0000004c   Code   RO         1321    i.HAL_RCC_GetSysClockFreq  stm32f1xx_hal_rcc.o
    0x080014a4   0x080014a4   0x00000320   Code   RO         1324    i.HAL_RCC_OscConfig  stm32f1xx_hal_rcc.o
    0x080017c4   0x080017c4   0x000000b2   Code   RO         2562    i.HAL_SPI_Init      stm32f1xx_hal_spi.o
    0x08001876   0x08001876   0x00000002   PAD
    0x08001878   0x08001878   0x00000074   Code   RO          702    i.HAL_SPI_MspInit   stm32f1xx_hal_msp.o
    0x080018ec   0x080018ec   0x00000028   Code   RO         1625    i.HAL_SYSTICK_Config  stm32f1xx_hal_cortex.o
    0x08001914   0x08001914   0x00000068   Code   RO         3598    i.HAL_TIMEx_MasterConfigSynchronization  stm32f1xx_hal_tim_ex.o
    0x0800197c   0x0800197c   0x0000005a   Code   RO         2875    i.HAL_TIM_Base_Init  stm32f1xx_hal_tim.o
    0x080019d6   0x080019d6   0x00000002   PAD
    0x080019d8   0x080019d8   0x00000024   Code   RO          704    i.HAL_TIM_Base_MspInit  stm32f1xx_hal_msp.o
    0x080019fc   0x080019fc   0x000000dc   Code   RO         2884    i.HAL_TIM_ConfigClockSource  stm32f1xx_hal_tim.o
    0x08001ad8   0x08001ad8   0x00000084   Code   RO          705    i.HAL_TIM_MspPostInit  stm32f1xx_hal_msp.o
    0x08001b5c   0x08001b5c   0x000000cc   Code   RO         2947    i.HAL_TIM_PWM_ConfigChannel  stm32f1xx_hal_tim.o
    0x08001c28   0x08001c28   0x0000005a   Code   RO         2950    i.HAL_TIM_PWM_Init  stm32f1xx_hal_tim.o
    0x08001c82   0x08001c82   0x00000002   Code   RO         2952    i.HAL_TIM_PWM_MspInit  stm32f1xx_hal_tim.o
    0x08001c84   0x08001c84   0x0000009c   Code   RO         2955    i.HAL_TIM_PWM_Start  stm32f1xx_hal_tim.o
    0x08001d20   0x08001d20   0x00000002   Code   RO         3858    i.HAL_UARTEx_RxEventCallback  stm32f1xx_hal_uart.o
    0x08001d22   0x08001d22   0x00000002   Code   RO         3872    i.HAL_UART_ErrorCallback  stm32f1xx_hal_uart.o
    0x08001d24   0x08001d24   0x0000026c   Code   RO         3875    i.HAL_UART_IRQHandler  stm32f1xx_hal_uart.o
    0x08001f90   0x08001f90   0x00000064   Code   RO         3876    i.HAL_UART_Init     stm32f1xx_hal_uart.o
    0x08001ff4   0x08001ff4   0x00000090   Code   RO          707    i.HAL_UART_MspInit  stm32f1xx_hal_msp.o
    0x08002084   0x08002084   0x0000001c   Code   RO         3881    i.HAL_UART_Receive_IT  stm32f1xx_hal_uart.o
    0x080020a0   0x080020a0   0x00000098   Code   RO          348    i.HAL_UART_RxCpltCallback  main.o
    0x08002138   0x08002138   0x0000009a   Code   RO         3884    i.HAL_UART_Transmit  stm32f1xx_hal_uart.o
    0x080021d2   0x080021d2   0x00000002   Code   RO         3887    i.HAL_UART_TxCpltCallback  stm32f1xx_hal_uart.o
    0x080021d4   0x080021d4   0x00000002   Code   RO          601    i.HardFault_Handler  stm32f1xx_it.o
    0x080021d6   0x080021d6   0x0000002e   Code   RO         2168    i.I2C_IsAcknowledgeFailed  stm32f1xx_hal_i2c.o
    0x08002204   0x08002204   0x0000009c   Code   RO         2172    i.I2C_MasterRequestWrite  stm32f1xx_hal_i2c.o
    0x080022a0   0x080022a0   0x00000056   Code   RO         2183    i.I2C_WaitOnBTFFlagUntilTimeout  stm32f1xx_hal_i2c.o
    0x080022f6   0x080022f6   0x00000002   PAD
    0x080022f8   0x080022f8   0x00000090   Code   RO         2184    i.I2C_WaitOnFlagUntilTimeout  stm32f1xx_hal_i2c.o
    0x08002388   0x08002388   0x000000bc   Code   RO         2185    i.I2C_WaitOnMasterAddressFlagUntilTimeout  stm32f1xx_hal_i2c.o
    0x08002444   0x08002444   0x00000056   Code   RO         2187    i.I2C_WaitOnTXEFlagUntilTimeout  stm32f1xx_hal_i2c.o
    0x0800249a   0x0800249a   0x00000006   Code   RO           13    i.Lcd_Clear_Display  lcd.o
    0x080024a0   0x080024a0   0x00000016   Code   RO           14    i.Lcd_Goto_XY       lcd.o
    0x080024b6   0x080024b6   0x0000004e   Code   RO           15    i.Lcd_Init          lcd.o
    0x08002504   0x08002504   0x00000040   Code   RO           16    i.Lcd_Send_Cmd      lcd.o
    0x08002544   0x08002544   0x00000040   Code   RO           17    i.Lcd_Send_Data     lcd.o
    0x08002584   0x08002584   0x00000014   Code   RO           18    i.Lcd_Send_String   lcd.o
    0x08002598   0x08002598   0x00000026   Code   RO           19    i.Lcd_Send_String_XY  lcd.o
    0x080025be   0x080025be   0x00000002   PAD
    0x080025c0   0x080025c0   0x000000a0   Code   RO          349    i.MX_ADC1_Init      main.o
    0x08002660   0x08002660   0x00000118   Code   RO          350    i.MX_GPIO_Init      main.o
    0x08002778   0x08002778   0x00000040   Code   RO          351    i.MX_SPI2_Init      main.o
    0x080027b8   0x080027b8   0x000000a8   Code   RO          352    i.MX_TIM2_Init      main.o
    0x08002860   0x08002860   0x00000002   Code   RO          602    i.MemManage_Handler  stm32f1xx_it.o
    0x08002862   0x08002862   0x00000002   Code   RO          603    i.NMI_Handler       stm32f1xx_it.o
    0x08002864   0x08002864   0x00000002   Code   RO          604    i.PendSV_Handler    stm32f1xx_it.o
    0x08002866   0x08002866   0x00000002   Code   RO          605    i.SVC_Handler       stm32f1xx_it.o
    0x08002868   0x08002868   0x00000004   Code   RO          606    i.SysTick_Handler   stm32f1xx_it.o
    0x0800286c   0x0800286c   0x0000006e   Code   RO          353    i.SystemClock_Config  main.o
    0x080028da   0x080028da   0x00000002   Code   RO          788    i.SystemInit        system_stm32f1xx.o
    0x080028dc   0x080028dc   0x0000006c   Code   RO         2968    i.TIM_Base_SetConfig  stm32f1xx_hal_tim.o
    0x08002948   0x08002948   0x0000001a   Code   RO         2969    i.TIM_CCxChannelCmd  stm32f1xx_hal_tim.o
    0x08002962   0x08002962   0x00000014   Code   RO         2979    i.TIM_ETR_SetConfig  stm32f1xx_hal_tim.o
    0x08002976   0x08002976   0x00000010   Code   RO         2980    i.TIM_ITRx_SetConfig  stm32f1xx_hal_tim.o
    0x08002986   0x08002986   0x00000002   PAD
    0x08002988   0x08002988   0x00000050   Code   RO         2981    i.TIM_OC1_SetConfig  stm32f1xx_hal_tim.o
    0x080029d8   0x080029d8   0x00000058   Code   RO         2982    i.TIM_OC2_SetConfig  stm32f1xx_hal_tim.o
    0x08002a30   0x08002a30   0x00000058   Code   RO         2983    i.TIM_OC3_SetConfig  stm32f1xx_hal_tim.o
    0x08002a88   0x08002a88   0x00000044   Code   RO         2984    i.TIM_OC4_SetConfig  stm32f1xx_hal_tim.o
    0x08002acc   0x08002acc   0x00000022   Code   RO         2986    i.TIM_TI1_ConfigInputStage  stm32f1xx_hal_tim.o
    0x08002aee   0x08002aee   0x00000024   Code   RO         2988    i.TIM_TI2_ConfigInputStage  stm32f1xx_hal_tim.o
    0x08002b12   0x08002b12   0x00000010   Code   RO         3889    i.UART_DMAAbortOnError  stm32f1xx_hal_uart.o
    0x08002b22   0x08002b22   0x0000004e   Code   RO         3899    i.UART_EndRxTransfer  stm32f1xx_hal_uart.o
    0x08002b70   0x08002b70   0x000000c2   Code   RO         3901    i.UART_Receive_IT   stm32f1xx_hal_uart.o
    0x08002c32   0x08002c32   0x00000002   PAD
    0x08002c34   0x08002c34   0x000000b8   Code   RO         3902    i.UART_SetConfig    stm32f1xx_hal_uart.o
    0x08002cec   0x08002cec   0x00000036   Code   RO         3904    i.UART_Start_Receive_IT  stm32f1xx_hal_uart.o
    0x08002d22   0x08002d22   0x00000078   Code   RO         3905    i.UART_WaitOnFlagUntilTimeout  stm32f1xx_hal_uart.o
    0x08002d9a   0x08002d9a   0x00000002   PAD
    0x08002d9c   0x08002d9c   0x0000000c   Code   RO          607    i.USART1_IRQHandler  stm32f1xx_it.o
    0x08002da8   0x08002da8   0x00000002   Code   RO          608    i.UsageFault_Handler  stm32f1xx_it.o
    0x08002daa   0x08002daa   0x00000002   PAD
    0x08002dac   0x08002dac   0x00000028   Code   RO          354    i.V_Analysis_Goods_List  main.o
    0x08002dd4   0x08002dd4   0x00000014   Code   RO          355    i.V_Check_Go_Straight  main.o
    0x08002de8   0x08002de8   0x000000dc   Code   RO          357    i.V_Check_Sensor    main.o
    0x08002ec4   0x08002ec4   0x0000006c   Code   RO          358    i.V_Check_Sensor_Init  main.o
    0x08002f30   0x08002f30   0x00000014   Code   RO          359    i.V_Check_Turn_Left  main.o
    0x08002f44   0x08002f44   0x0000002c   Code   RO          360    i.V_Come_Back       main.o
    0x08002f70   0x08002f70   0x00000078   Code   RO          361    i.V_Control_Remote  main.o
    0x08002fe8   0x08002fe8   0x00000030   Code   RO          362    i.V_Control_Web     main.o
    0x08003018   0x08003018   0x00000088   Code   RO          363    i.V_Cross_the_Intersection  main.o
    0x080030a0   0x080030a0   0x00000086   Code   RO          364    i.V_Determine_Distance  main.o
    0x08003126   0x08003126   0x00000002   PAD
    0x08003128   0x08003128   0x00000110   Code   RO          365    i.V_Determine_Next_Step  main.o
    0x08003238   0x08003238   0x00000044   Code   RO          366    i.V_GO              main.o
    0x0800327c   0x0800327c   0x00000040   Code   RO          367    i.V_Go_Back         main.o
    0x080032bc   0x080032bc   0x00000040   Code   RO          368    i.V_Go_Straight     main.o
    0x080032fc   0x080032fc   0x0000013c   Code   RO          369    i.V_Pick_Up         main.o
    0x08003438   0x08003438   0x00000100   Code   RO          370    i.V_Put_Down        main.o
    0x08003538   0x08003538   0x00000048   Code   RO          371    i.V_Remove_Duplicate  main.o
    0x08003580   0x08003580   0x00000014   Code   RO          372    i.V_Remove_First_Goods  main.o
    0x08003594   0x08003594   0x000000f4   Code   RO          374    i.V_Sensor_Init     main.o
    0x08003688   0x08003688   0x000000f4   Code   RO          375    i.V_Ship            main.o
    0x0800377c   0x0800377c   0x00000080   Code   RO          376    i.V_Start           main.o
    0x080037fc   0x080037fc   0x0000001c   Code   RO          377    i.V_Start_Motor     main.o
    0x08003818   0x08003818   0x000000b4   Code   RO          378    i.V_Turn_Left       main.o
    0x080038cc   0x080038cc   0x000000b4   Code   RO          379    i.V_Turn_Left_at_the_Intersection  main.o
    0x08003980   0x08003980   0x000000bc   Code   RO          380    i.V_Turn_Right      main.o
    0x08003a3c   0x08003a3c   0x00000084   Code   RO          381    i.V_Turn_Right_at_the_Intersection  main.o
    0x08003ac0   0x08003ac0   0x00000028   Code   RO         4274    i.__ARM_fpclassify  m_ws.l(fpclassify.o)
    0x08003ae8   0x08003ae8   0x00000020   Code   RO         1627    i.__NVIC_SetPriority  stm32f1xx_hal_cortex.o
    0x08003b08   0x08003b08   0x000000aa   Code   RO         4276    i.__kernel_poly     m_ws.l(poly.o)
    0x08003bb2   0x08003bb2   0x00000002   PAD
    0x08003bb4   0x08003bb4   0x00000010   Code   RO         4260    i.__mathlib_dbl_divzero  m_ws.l(dunder.o)
    0x08003bc4   0x08003bc4   0x00000004   Code   RO         4262    i.__mathlib_dbl_infnan2  m_ws.l(dunder.o)
    0x08003bc8   0x08003bc8   0x0000000c   Code   RO         4263    i.__mathlib_dbl_invalid  m_ws.l(dunder.o)
    0x08003bd4   0x08003bd4   0x0000000e   Code   RO         4264    i.__mathlib_dbl_overflow  m_ws.l(dunder.o)
    0x08003be2   0x08003be2   0x00000002   PAD
    0x08003be4   0x08003be4   0x00000010   Code   RO         4266    i.__mathlib_dbl_underflow  m_ws.l(dunder.o)
    0x08003bf4   0x08003bf4   0x00000230   Code   RO          382    i.main              main.o
    0x08003e24   0x08003e24   0x000009d8   Code   RO         4233    i.pow               m_ws.l(pow.o)
    0x080047fc   0x080047fc   0x0000004c   Code   RO         4280    i.sqrt              m_ws.l(sqrt.o)
    0x08004848   0x08004848   0x00000150   Code   RO         4216    x$fpl$dadd          fz_ws.l(daddsub_clz.o)
    0x08004998   0x08004998   0x00000010   Code   RO         4307    x$fpl$dcheck1       fz_ws.l(dcheck1.o)
    0x080049a8   0x080049a8   0x00000018   Code   RO         4326    x$fpl$dcmpinf       fz_ws.l(dcmpi.o)
    0x080049c0   0x080049c0   0x000002b0   Code   RO         4246    x$fpl$ddiv          fz_ws.l(ddiv.o)
    0x08004c70   0x08004c70   0x0000005a   Code   RO         4222    x$fpl$dfixu         fz_ws.l(dfixu.o)
    0x08004cca   0x08004cca   0x0000002e   Code   RO         4227    x$fpl$dflt          fz_ws.l(dflt_clz.o)
    0x08004cf8   0x08004cf8   0x00000078   Code   RO         4309    x$fpl$dleqf         fz_ws.l(dleqf.o)
    0x08004d70   0x08004d70   0x00000154   Code   RO         4249    x$fpl$dmul          fz_ws.l(dmul.o)
    0x08004ec4   0x08004ec4   0x0000009c   Code   RO         4251    x$fpl$dnaninf       fz_ws.l(dnaninf.o)
    0x08004f60   0x08004f60   0x0000000c   Code   RO         4253    x$fpl$dretinf       fz_ws.l(dretinf.o)
    0x08004f6c   0x08004f6c   0x0000006c   Code   RO         4255    x$fpl$drleqf        fz_ws.l(drleqf.o)
    0x08004fd8   0x08004fd8   0x00000016   Code   RO         4217    x$fpl$drsb          fz_ws.l(daddsub_clz.o)
    0x08004fee   0x08004fee   0x00000002   PAD
    0x08004ff0   0x08004ff0   0x000001cc   Code   RO         4311    x$fpl$dsqrt         fz_ws.l(dsqrt_noumaal.o)
    0x080051bc   0x080051bc   0x000001d4   Code   RO         4218    x$fpl$dsub          fz_ws.l(daddsub_clz.o)
    0x08005390   0x08005390   0x00000064   Code   RO         4328    x$fpl$retnan        fz_ws.l(retnan.o)
    0x080053f4   0x080053f4   0x0000005c   Code   RO         4257    x$fpl$scalbn        fz_ws.l(scalbn.o)
    0x08005450   0x08005450   0x00000030   Code   RO         4377    x$fpl$trapveneer    fz_ws.l(trapv.o)
    0x08005480   0x08005480   0x00000000   Code   RO         4259    x$fpl$usenofp       fz_ws.l(usenofp.o)
    0x08005480   0x08005480   0x00000010   Data   RO          789    .constdata          system_stm32f1xx.o
    0x08005490   0x08005490   0x00000008   Data   RO          790    .constdata          system_stm32f1xx.o
    0x08005498   0x08005498   0x00000012   Data   RO         1325    .constdata          stm32f1xx_hal_rcc.o
    0x080054aa   0x080054aa   0x00000006   PAD
    0x080054b0   0x080054b0   0x00000088   Data   RO         4234    .constdata          m_ws.l(pow.o)
    0x08005538   0x08005538   0x00000008   Data   RO         4278    .constdata          m_ws.l(qnan.o)
    0x08005540   0x08005540   0x00000020   Data   RO         4456    Region$$Table       anon$$obj.o


    Execution Region RW_IRAM1 (Exec base: 0x20000000, Load base: 0x08005560, Size: 0x00000888, Max: 0x00005000, ABSOLUTE)

    Exec Addr    Load Addr    Size         Type   Attr      Idx    E Section Name        Object

    0x20000000   0x08005560   0x00000030   Data   RW          386    .data               main.o
    0x20000030   0x08005590   0x00000004   Data   RW          791    .data               system_stm32f1xx.o
    0x20000034   0x08005594   0x0000000c   Data   RW         1162    .data               stm32f1xx_hal.o
    0x20000040        -       0x000001a2   Zero   RW          383    .bss                main.o
    0x200001e2   0x080055a0   0x00000002   PAD
    0x200001e4        -       0x00000044   Zero   RW          384    .bss                main.o
    0x20000228        -       0x00000060   Zero   RW         4314    .bss                c_w.l(libspace.o)
    0x20000288        -       0x00000200   Zero   RW            2    HEAP                startup_stm32f103xb.o
    0x20000488        -       0x00000400   Zero   RW            1    STACK               startup_stm32f103xb.o


==============================================================================

Image component sizes


      Code (inc. data)   RO Data    RW Data    ZI Data      Debug   Object Name

       292         12          0          0          0     458707   lcd.o
      4900        438          0         48        486      24426   main.o
        64         26        236          0       1536        788   startup_stm32f103xb.o
       164         28          0         12          0       5709   stm32f1xx_hal.o
      1220         56          0          0          0       8981   stm32f1xx_hal_adc.o
       198         14          0          0          0      28791   stm32f1xx_hal_cortex.o
       808         36          0          0          0       4818   stm32f1xx_hal_dma.o
       514         40          0          0          0       3391   stm32f1xx_hal_gpio.o
      1398         32          0          0          0       8893   stm32f1xx_hal_i2c.o
       728         98          0          0          0       4868   stm32f1xx_hal_msp.o
      1240         84         18          0          0       4968   stm32f1xx_hal_rcc.o
       236         12          0          0          0       1332   stm32f1xx_hal_rcc_ex.o
       178          0          0          0          0       1183   stm32f1xx_hal_spi.o
      1326         46          0          0          0      11924   stm32f1xx_hal_tim.o
       104         12          0          0          0       1308   stm32f1xx_hal_tim_ex.o
      1554         10          0          0          0      10552   stm32f1xx_hal_uart.o
        56         12          0          0          0       5305   stm32f1xx_it.o
         2          0         24          4          0       1047   system_stm32f1xx.o

    ----------------------------------------------------------------------
     15008        956        316         64       2024     586991   Object Totals
         0          0         32          0          0          0   (incl. Generated)
        26          0          6          0          2          0   (incl. Padding)

    ----------------------------------------------------------------------

      Code (inc. data)   RO Data    RW Data    ZI Data      Debug   Library Member Name

         8          0          0          0          0         68   __main.o
         0          0          0          0          0          0   __rtentry.o
        12          0          0          0          0          0   __rtentry2.o
         6          0          0          0          0          0   __rtentry4.o
        52          8          0          0          0          0   __scatter.o
        26          0          0          0          0          0   __scatter_copy.o
        28          0          0          0          0          0   __scatter_zi.o
        22          0          0          0          0        100   _rserrno.o
        18          0          0          0          0         80   exit.o
         6          0          0          0          0        152   heapauxi.o
         0          0          0          0          0          0   indicate_semi.o
         2          0          0          0          0          0   libinit.o
         2          0          0          0          0          0   libinit2.o
         2          0          0          0          0          0   libshutdown.o
         2          0          0          0          0          0   libshutdown2.o
         8          4          0          0         96         68   libspace.o
         8          4          0          0          0         68   rt_errno_addr_intlibspace.o
        78          0          0          0          0         80   rt_memclr_w.o
         2          0          0          0          0          0   rtexit.o
        10          0          0          0          0          0   rtexit2.o
        12          4          0          0          0         68   sys_exit.o
        74          0          0          0          0         80   sys_stackheap_outer.o
         2          0          0          0          0         68   use_no_semi.o
       826         16          0          0          0        348   daddsub_clz.o
        16          4          0          0          0         68   dcheck1.o
        24          0          0          0          0         68   dcmpi.o
       688        140          0          0          0        208   ddiv.o
        90          4          0          0          0         92   dfixu.o
        46          0          0          0          0         68   dflt_clz.o
       120          4          0          0          0         92   dleqf.o
       340         12          0          0          0        104   dmul.o
       156          4          0          0          0         92   dnaninf.o
        12          0          0          0          0         68   dretinf.o
       108          0          0          0          0         80   drleqf.o
       460         56          0          0          0        120   dsqrt_noumaal.o
       100          0          0          0          0         68   retnan.o
        92          0          0          0          0         68   scalbn.o
        48          0          0          0          0         68   trapv.o
         0          0          0          0          0          0   usenofp.o
        62         10          0          0          0        340   dunder.o
        40          0          0          0          0         68   fpclassify.o
       170          0          0          0          0         96   poly.o
      2520        190        136          0          0        324   pow.o
         0          0          8          0          0          0   qnan.o
        76          0          0          0          0         84   sqrt.o

    ----------------------------------------------------------------------
      6388        460        144          0         96       3356   Library Totals
        14          0          0          0          0          0   (incl. Padding)

    ----------------------------------------------------------------------

      Code (inc. data)   RO Data    RW Data    ZI Data      Debug   Library Name

       380         20          0          0         96        832   c_w.l
      3126        240          0          0          0       1612   fz_ws.l
      2868        200        144          0          0        912   m_ws.l

    ----------------------------------------------------------------------
      6388        460        144          0         96       3356   Library Totals

    ----------------------------------------------------------------------

==============================================================================


      Code (inc. data)   RO Data    RW Data    ZI Data      Debug   

     21396       1416        460         64       2120     581711   Grand Totals
     21396       1416        460         64       2120     581711   ELF Image Totals
     21396       1416        460         64          0          0   ROM Totals

==============================================================================

    Total RO  Size (Code + RO Data)                21856 (  21.34kB)
    Total RW  Size (RW Data + ZI Data)              2184 (   2.13kB)
    Total ROM Size (Code + RO Data + RW Data)      21920 (  21.41kB)

==============================================================================

